17:15:39 2026-07-07 [INFO] Writing status to file: /home/irisowner/irissys/iscagent.status
Reading configuration from file: /home/irisowner/irissys/iscagent.conf
ISCAgent[20]: Starting
ISCAgent[21]: Starting ApplicationServer on *:2188

17:15:40 2026-07-07 [INFO] Starting InterSystems IRIS instance IRIS...
17:15:45 2026-07-07 [INFO] Starting Control Process
Global buffer setting requires attention.  Auto-selected 25% of total memory.
Allocated 2626MB shared memory
1900MB global buffers, 190MB routine buffers
This copy of InterSystems IRIS has been licensed for use exclusively by:
InterSystems IRIS Community
Copyright (c) 1986-2026 by InterSystems Corporation
Any other use is a violation of your license agreement

1 alert(s) during startup. See messages.log for details.
Starting IRIS


17:15:45 2026-07-07 [INFO] IRIS^/usr/irissys^2026.1.0.234.1com^running, since Tue Jul  7 17:15:40 2026^iris.cpf^1972^52773^0^ok^IRIS^^^/usr/irissys^1972

17:15:45 2026-07-07 [INFO] ...started InterSystems IRIS instance IRIS
18:29:25 2026-07-07 [INFO] Shutting down InterSystems IRIS instance IRIS...
18:29:32 2026-07-07 [INFO] IRIS^/usr/irissys^2026.1.0.234.1com^down, last used Tue Jul  7 18:29:30 2026^iris.cpf^1972^52773^0^^IRIS^^^/usr/irissys^1972

18:29:32 2026-07-07 [INFO] ...shut down InterSystems IRIS instance IRIS
18:29:34 2026-07-07 [INFO] Writing status to file: /home/irisowner/irissys/iscagent.status
Reading configuration from file: /home/irisowner/irissys/iscagent.conf
ISCAgent[20]: Starting
ISCAgent[21]: Starting ApplicationServer on *:2188

18:29:34 2026-07-07 [INFO] Starting InterSystems IRIS instance IRIS...
19:10:57 2026-07-07 [INFO] Writing status to file: /home/irisowner/irissys/iscagent.status
Reading configuration from file: /home/irisowner/irissys/iscagent.conf
ISCAgent[20]: Starting
ISCAgent[21]: Starting ApplicationServer on *:2188

19:10:57 2026-07-07 [INFO] Starting InterSystems IRIS instance IRIS...
19:11:08 2026-07-07 [INFO] Starting Control Process
Global buffer setting requires attention.  Auto-selected 25% of total memory.
Allocated 2626MB shared memory
1900MB global buffers, 190MB routine buffers
This copy of InterSystems IRIS has been licensed for use exclusively by:
InterSystems IRIS Community
Copyright (c) 1986-2026 by InterSystems Corporation
Any other use is a violation of your license agreement

1 alert(s) during startup. See messages.log for details.
Starting IRIS


19:11:08 2026-07-07 [INFO] IRIS^/usr/irissys^2026.1.0.234.1com^running, since Tue Jul  7 19:10:58 2026^iris.cpf^1972^52773^0^ok^IRIS^^^/usr/irissys^1972

19:11:08 2026-07-07 [INFO] ...started InterSystems IRIS instance IRIS
19:11:20 2026-07-07 [INFO] Shutting down InterSystems IRIS instance IRIS...
19:11:22 2026-07-07 [INFO] IRIS^/usr/irissys^2026.1.0.234.1com^down, last used Tue Jul  7 19:11:20 2026^iris.cpf^1972^52773^0^^IRIS^^^/usr/irissys^1972

19:11:22 2026-07-07 [INFO] ...shut down InterSystems IRIS instance IRIS
19:11:24 2026-07-07 [INFO] Writing status to file: /home/irisowner/irissys/iscagent.status
Reading configuration from file: /home/irisowner/irissys/iscagent.conf
ISCAgent[20]: Starting
ISCAgent[21]: Starting ApplicationServer on *:2188

19:11:24 2026-07-07 [INFO] Starting InterSystems IRIS instance IRIS...
19:11:29 2026-07-07 [INFO] Starting Control Process
Global buffer setting requires attention.  Auto-selected 25% of total memory.
Allocated 2626MB shared memory
1900MB global buffers, 190MB routine buffers
This copy of InterSystems IRIS has been licensed for use exclusively by:
InterSystems IRIS Community
Copyright (c) 1986-2026 by InterSystems Corporation
Any other use is a violation of your license agreement

1 alert(s) during startup. See messages.log for details.
Starting IRIS


19:11:30 2026-07-07 [INFO] IRIS^/usr/irissys^2026.1.0.234.1com^running, since Tue Jul  7 19:11:25 2026^iris.cpf^1972^52773^0^ok^IRIS^^^/usr/irissys^1972

19:11:30 2026-07-07 [INFO] ...started InterSystems IRIS instance IRIS
19:15:08 2026-07-07 [INFO] Shutting down InterSystems IRIS instance IRIS...
19:15:20 2026-07-07 [INFO] Writing status to file: /home/irisowner/irissys/iscagent.status
Reading configuration from file: /home/irisowner/irissys/iscagent.conf
ISCAgent[22]: Starting
ISCAgent[23]: Starting ApplicationServer on *:2188

19:15:20 2026-07-07 [INFO] Starting InterSystems IRIS instance IRIS...
19:15:22 2026-07-07 [INFO] Starting Control Process
Global buffer setting requires attention.  Auto-selected 25% of total memory.
Allocated 2626MB shared memory
1900MB global buffers, 190MB routine buffers
This copy of InterSystems IRIS has been licensed for use exclusively by:
InterSystems IRIS Community
Copyright (c) 1986-2026 by InterSystems Corporation
Any other use is a violation of your license agreement
Starting IRIS


19:15:22 2026-07-07 [INFO] IRIS^/usr/irissys^2026.1.0.234.1com^running, since Tue Jul  7 19:15:20 2026^iris.cpf^1972^52773^0^ok^IRIS^^^/usr/irissys^1972

19:15:22 2026-07-07 [INFO] ...started InterSystems IRIS instance IRIS
19:43:44 2026-07-07 [INFO] Shutting down InterSystems IRIS instance IRIS...
19:43:50 2026-07-07 [INFO] IRIS^/usr/irissys^2026.1.0.234.1com^down, last used Tue Jul  7 19:43:49 2026^iris.cpf^1972^52773^0^^IRIS^^^/usr/irissys^1972

19:43:50 2026-07-07 [INFO] ...shut down InterSystems IRIS instance IRIS
19:43:52 2026-07-07 [INFO] Writing status to file: /home/irisowner/irissys/iscagent.status
Reading configuration from file: /home/irisowner/irissys/iscagent.conf
ISCAgent[22]: Starting
ISCAgent[23]: Starting ApplicationServer on *:2188

19:43:52 2026-07-07 [INFO] Starting InterSystems IRIS instance IRIS...
19:43:54 2026-07-07 [INFO] Starting Control Process
Global buffer setting requires attention.  Auto-selected 25% of total memory.
Allocated 2626MB shared memory
1900MB global buffers, 190MB routine buffers
This copy of InterSystems IRIS has been licensed for use exclusively by:
InterSystems IRIS Community
Copyright (c) 1986-2026 by InterSystems Corporation
Any other use is a violation of your license agreement
Starting IRIS


19:43:54 2026-07-07 [INFO] IRIS^/usr/irissys^2026.1.0.234.1com^running, since Tue Jul  7 19:43:53 2026^iris.cpf^1972^52773^0^ok^IRIS^^^/usr/irissys^1972

19:43:54 2026-07-07 [INFO] ...started InterSystems IRIS instance IRIS
20:02:55 2026-07-07 [INFO] Shutting down InterSystems IRIS instance IRIS...
20:03:01 2026-07-07 [INFO] IRIS^/usr/irissys^2026.1.0.234.1com^down, last used Tue Jul  7 20:03:00 2026^iris.cpf^1972^52773^0^^IRIS^^^/usr/irissys^1972

20:03:01 2026-07-07 [INFO] ...shut down InterSystems IRIS instance IRIS
20:03:03 2026-07-07 [INFO] Writing status to file: /home/irisowner/irissys/iscagent.status
Reading configuration from file: /home/irisowner/irissys/iscagent.conf
ISCAgent[22]: Starting
ISCAgent[23]: Starting ApplicationServer on *:2188

20:03:03 2026-07-07 [INFO] Starting InterSystems IRIS instance IRIS...
20:03:05 2026-07-07 [INFO] Starting Control Process
Global buffer setting requires attention.  Auto-selected 25% of total memory.
Allocated 2626MB shared memory
1900MB global buffers, 190MB routine buffers
This copy of InterSystems IRIS has been licensed for use exclusively by:
InterSystems IRIS Community
Copyright (c) 1986-2026 by InterSystems Corporation
Any other use is a violation of your license agreement
Starting IRIS


20:03:05 2026-07-07 [INFO] IRIS^/usr/irissys^2026.1.0.234.1com^running, since Tue Jul  7 20:03:03 2026^iris.cpf^1972^52773^0^ok^IRIS^^^/usr/irissys^1972

20:03:05 2026-07-07 [INFO] ...started InterSystems IRIS instance IRIS
20:20:38 2026-07-07 [INFO] Shutting down InterSystems IRIS instance IRIS...
20:20:39 2026-07-07 [INFO] IRIS^/usr/irissys^2026.1.0.234.1com^down, last used Tue Jul  7 20:20:38 2026^iris.cpf^1972^52773^0^^IRIS^^^/usr/irissys^1972

20:20:39 2026-07-07 [INFO] ...shut down InterSystems IRIS instance IRIS
20:20:41 2026-07-07 [INFO] Writing status to file: /home/irisowner/irissys/iscagent.status
Reading configuration from file: /home/irisowner/irissys/iscagent.conf
ISCAgent[22]: Starting
ISCAgent[23]: Starting ApplicationServer on *:2188

20:20:41 2026-07-07 [INFO] Starting InterSystems IRIS instance IRIS...
20:20:42 2026-07-07 [INFO] Starting Control Process
Global buffer setting requires attention.  Auto-selected 25% of total memory.
Allocated 2626MB shared memory
1900MB global buffers, 190MB routine buffers
This copy of InterSystems IRIS has been licensed for use exclusively by:
InterSystems IRIS Community
Copyright (c) 1986-2026 by InterSystems Corporation
Any other use is a violation of your license agreement
Starting IRIS


20:20:42 2026-07-07 [INFO] IRIS^/usr/irissys^2026.1.0.234.1com^running, since Tue Jul  7 20:20:41 2026^iris.cpf^1972^52773^0^ok^IRIS^^^/usr/irissys^1972

20:20:42 2026-07-07 [INFO] ...started InterSystems IRIS instance IRIS
20:32:48 2026-07-07 [INFO] Shutting down InterSystems IRIS instance IRIS...
20:32:54 2026-07-07 [INFO] IRIS^/usr/irissys^2026.1.0.234.1com^down, last used Tue Jul  7 20:32:53 2026^iris.cpf^1972^52773^0^^IRIS^^^/usr/irissys^1972

20:32:54 2026-07-07 [INFO] ...shut down InterSystems IRIS instance IRIS
20:32:56 2026-07-07 [INFO] Writing status to file: /home/irisowner/irissys/iscagent.status
Reading configuration from file: /home/irisowner/irissys/iscagent.conf
ISCAgent[22]: Starting
ISCAgent[23]: Starting ApplicationServer on *:2188

20:32:56 2026-07-07 [INFO] Starting InterSystems IRIS instance IRIS...
20:32:58 2026-07-07 [INFO] Starting Control Process
Global buffer setting requires attention.  Auto-selected 25% of total memory.
Allocated 2626MB shared memory
1900MB global buffers, 190MB routine buffers
This copy of InterSystems IRIS has been licensed for use exclusively by:
InterSystems IRIS Community
Copyright (c) 1986-2026 by InterSystems Corporation
Any other use is a violation of your license agreement
Starting IRIS


20:32:58 2026-07-07 [INFO] IRIS^/usr/irissys^2026.1.0.234.1com^running, since Tue Jul  7 20:32:57 2026^iris.cpf^1972^52773^0^ok^IRIS^^^/usr/irissys^1972

20:32:58 2026-07-07 [INFO] ...started InterSystems IRIS instance IRIS
20:34:10 2026-07-07 [INFO] Shutting down InterSystems IRIS instance IRIS...
20:34:16 2026-07-07 [INFO] IRIS^/usr/irissys^2026.1.0.234.1com^down, last used Tue Jul  7 20:34:15 2026^iris.cpf^1972^52773^0^^IRIS^^^/usr/irissys^1972

20:34:16 2026-07-07 [INFO] ...shut down InterSystems IRIS instance IRIS
20:34:17 2026-07-07 [INFO] Writing status to file: /home/irisowner/irissys/iscagent.status
Reading configuration from file: /home/irisowner/irissys/iscagent.conf
ISCAgent[22]: Starting
ISCAgent[23]: Starting ApplicationServer on *:2188

20:34:17 2026-07-07 [INFO] Starting InterSystems IRIS instance IRIS...
20:34:18 2026-07-07 [INFO] Starting Control Process
Global buffer setting requires attention.  Auto-selected 25% of total memory.
Allocated 2626MB shared memory
1900MB global buffers, 190MB routine buffers
This copy of InterSystems IRIS has been licensed for use exclusively by:
InterSystems IRIS Community
Copyright (c) 1986-2026 by InterSystems Corporation
Any other use is a violation of your license agreement
Starting IRIS


20:34:18 2026-07-07 [INFO] IRIS^/usr/irissys^2026.1.0.234.1com^running, since Tue Jul  7 20:34:17 2026^iris.cpf^1972^52773^0^ok^IRIS^^^/usr/irissys^1972

20:34:18 2026-07-07 [INFO] ...started InterSystems IRIS instance IRIS
20:36:03 2026-07-07 [INFO] Shutting down InterSystems IRIS instance IRIS...
20:36:04 2026-07-07 [INFO] IRIS^/usr/irissys^2026.1.0.234.1com^down, last used Tue Jul  7 20:36:03 2026^iris.cpf^1972^52773^0^^IRIS^^^/usr/irissys^1972

20:36:04 2026-07-07 [INFO] ...shut down InterSystems IRIS instance IRIS
20:36:05 2026-07-07 [INFO] Writing status to file: /home/irisowner/irissys/iscagent.status
Reading configuration from file: /home/irisowner/irissys/iscagent.conf
ISCAgent[22]: Starting
ISCAgent[23]: Starting ApplicationServer on *:2188

20:36:05 2026-07-07 [INFO] Starting InterSystems IRIS instance IRIS...
20:36:06 2026-07-07 [INFO] Starting Control Process
Global buffer setting requires attention.  Auto-selected 25% of total memory.
Allocated 2626MB shared memory
1900MB global buffers, 190MB routine buffers
This copy of InterSystems IRIS has been licensed for use exclusively by:
InterSystems IRIS Community
Copyright (c) 1986-2026 by InterSystems Corporation
Any other use is a violation of your license agreement
Starting IRIS


20:36:06 2026-07-07 [INFO] IRIS^/usr/irissys^2026.1.0.234.1com^running, since Tue Jul  7 20:36:05 2026^iris.cpf^1972^52773^0^ok^IRIS^^^/usr/irissys^1972

20:36:06 2026-07-07 [INFO] ...started InterSystems IRIS instance IRIS
20:37:26 2026-07-07 [INFO] Shutting down InterSystems IRIS instance IRIS...
20:37:32 2026-07-07 [INFO] IRIS^/usr/irissys^2026.1.0.234.1com^down, last used Tue Jul  7 20:37:31 2026^iris.cpf^1972^52773^0^^IRIS^^^/usr/irissys^1972

20:37:32 2026-07-07 [INFO] ...shut down InterSystems IRIS instance IRIS
20:37:33 2026-07-07 [INFO] Writing status to file: /home/irisowner/irissys/iscagent.status
Reading configuration from file: /home/irisowner/irissys/iscagent.conf
ISCAgent[22]: Starting
ISCAgent[23]: Starting ApplicationServer on *:2188

20:37:33 2026-07-07 [INFO] Starting InterSystems IRIS instance IRIS...
20:37:34 2026-07-07 [INFO] Starting Control Process
Global buffer setting requires attention.  Auto-selected 25% of total memory.
Allocated 2626MB shared memory
1900MB global buffers, 190MB routine buffers
This copy of InterSystems IRIS has been licensed for use exclusively by:
InterSystems IRIS Community
Copyright (c) 1986-2026 by InterSystems Corporation
Any other use is a violation of your license agreement
Starting IRIS


20:37:34 2026-07-07 [INFO] IRIS^/usr/irissys^2026.1.0.234.1com^running, since Tue Jul  7 20:37:33 2026^iris.cpf^1972^52773^0^ok^IRIS^^^/usr/irissys^1972

20:37:34 2026-07-07 [INFO] ...started InterSystems IRIS instance IRIS
20:38:51 2026-07-07 [INFO] Shutting down InterSystems IRIS instance IRIS...
20:38:57 2026-07-07 [INFO] IRIS^/usr/irissys^2026.1.0.234.1com^down, last used Tue Jul  7 20:38:55 2026^iris.cpf^1972^52773^0^^IRIS^^^/usr/irissys^1972

20:38:57 2026-07-07 [INFO] ...shut down InterSystems IRIS instance IRIS
20:38:58 2026-07-07 [INFO] Writing status to file: /home/irisowner/irissys/iscagent.status
Reading configuration from file: /home/irisowner/irissys/iscagent.conf
ISCAgent[22]: Starting
ISCAgent[23]: Starting ApplicationServer on *:2188

20:38:58 2026-07-07 [INFO] Starting InterSystems IRIS instance IRIS...
20:38:59 2026-07-07 [INFO] Starting Control Process
Global buffer setting requires attention.  Auto-selected 25% of total memory.
Allocated 2626MB shared memory
1900MB global buffers, 190MB routine buffers
This copy of InterSystems IRIS has been licensed for use exclusively by:
InterSystems IRIS Community
Copyright (c) 1986-2026 by InterSystems Corporation
Any other use is a violation of your license agreement
Starting IRIS


20:38:59 2026-07-07 [INFO] IRIS^/usr/irissys^2026.1.0.234.1com^running, since Tue Jul  7 20:38:58 2026^iris.cpf^1972^52773^0^ok^IRIS^^^/usr/irissys^1972

20:38:59 2026-07-07 [INFO] ...started InterSystems IRIS instance IRIS
20:40:46 2026-07-07 [INFO] Shutting down InterSystems IRIS instance IRIS...
20:40:52 2026-07-07 [INFO] IRIS^/usr/irissys^2026.1.0.234.1com^down, last used Tue Jul  7 20:40:51 2026^iris.cpf^1972^52773^0^^IRIS^^^/usr/irissys^1972

20:40:52 2026-07-07 [INFO] ...shut down InterSystems IRIS instance IRIS
20:40:53 2026-07-07 [INFO] Writing status to file: /home/irisowner/irissys/iscagent.status
Reading configuration from file: /home/irisowner/irissys/iscagent.conf
ISCAgent[22]: Starting
ISCAgent[23]: Starting ApplicationServer on *:2188

20:40:53 2026-07-07 [INFO] Starting InterSystems IRIS instance IRIS...
20:40:54 2026-07-07 [INFO] Starting Control Process
Global buffer setting requires attention.  Auto-selected 25% of total memory.
Allocated 2626MB shared memory
1900MB global buffers, 190MB routine buffers
This copy of InterSystems IRIS has been licensed for use exclusively by:
InterSystems IRIS Community
Copyright (c) 1986-2026 by InterSystems Corporation
Any other use is a violation of your license agreement
Starting IRIS


20:40:54 2026-07-07 [INFO] IRIS^/usr/irissys^2026.1.0.234.1com^running, since Tue Jul  7 20:40:53 2026^iris.cpf^1972^52773^0^ok^IRIS^^^/usr/irissys^1972

20:40:54 2026-07-07 [INFO] ...started InterSystems IRIS instance IRIS
20:43:10 2026-07-07 [INFO] Shutting down InterSystems IRIS instance IRIS...
20:43:16 2026-07-07 [INFO] IRIS^/usr/irissys^2026.1.0.234.1com^down, last used Tue Jul  7 20:43:15 2026^iris.cpf^1972^52773^0^^IRIS^^^/usr/irissys^1972

20:43:16 2026-07-07 [INFO] ...shut down InterSystems IRIS instance IRIS
20:43:17 2026-07-07 [INFO] Writing status to file: /home/irisowner/irissys/iscagent.status
Reading configuration from file: /home/irisowner/irissys/iscagent.conf
ISCAgent[22]: Starting
ISCAgent[23]: Starting ApplicationServer on *:2188

20:43:17 2026-07-07 [INFO] Starting InterSystems IRIS instance IRIS...
20:43:18 2026-07-07 [INFO] Starting Control Process
Global buffer setting requires attention.  Auto-selected 25% of total memory.
Allocated 2626MB shared memory
1900MB global buffers, 190MB routine buffers
This copy of InterSystems IRIS has been licensed for use exclusively by:
InterSystems IRIS Community
Copyright (c) 1986-2026 by InterSystems Corporation
Any other use is a violation of your license agreement
Starting IRIS


20:43:18 2026-07-07 [INFO] IRIS^/usr/irissys^2026.1.0.234.1com^running, since Tue Jul  7 20:43:18 2026^iris.cpf^1972^52773^0^ok^IRIS^^^/usr/irissys^1972

20:43:18 2026-07-07 [INFO] ...started InterSystems IRIS instance IRIS
20:47:47 2026-07-07 [INFO] Shutting down InterSystems IRIS instance IRIS...
20:47:54 2026-07-07 [INFO] IRIS^/usr/irissys^2026.1.0.234.1com^down, last used Tue Jul  7 20:47:53 2026^iris.cpf^1972^52773^0^^IRIS^^^/usr/irissys^1972

20:47:54 2026-07-07 [INFO] ...shut down InterSystems IRIS instance IRIS
20:47:55 2026-07-07 [INFO] Writing status to file: /home/irisowner/irissys/iscagent.status
Reading configuration from file: /home/irisowner/irissys/iscagent.conf
ISCAgent[22]: Starting
ISCAgent[23]: Starting ApplicationServer on *:2188

20:47:55 2026-07-07 [INFO] Starting InterSystems IRIS instance IRIS...
20:47:56 2026-07-07 [INFO] Starting Control Process
Global buffer setting requires attention.  Auto-selected 25% of total memory.
Allocated 2626MB shared memory
1900MB global buffers, 190MB routine buffers
This copy of InterSystems IRIS has been licensed for use exclusively by:
InterSystems IRIS Community
Copyright (c) 1986-2026 by InterSystems Corporation
Any other use is a violation of your license agreement
Starting IRIS


20:47:56 2026-07-07 [INFO] IRIS^/usr/irissys^2026.1.0.234.1com^running, since Tue Jul  7 20:47:55 2026^iris.cpf^1972^52773^0^ok^IRIS^^^/usr/irissys^1972

20:47:56 2026-07-07 [INFO] ...started InterSystems IRIS instance IRIS
20:55:41 2026-07-07 [INFO] Shutting down InterSystems IRIS instance IRIS...
20:55:53 2026-07-07 [INFO] Writing status to file: /home/irisowner/irissys/iscagent.status
Reading configuration from file: /home/irisowner/irissys/iscagent.conf
ISCAgent[22]: Starting
ISCAgent[23]: Starting ApplicationServer on *:2188

20:55:53 2026-07-07 [INFO] Starting InterSystems IRIS instance IRIS...
20:55:57 2026-07-07 [INFO] 
Now attempting WIJ compare, /usr/irissys/mgr/IRIS.WIJ
Starting Control Process
Global buffer setting requires attention.  Auto-selected 25% of total memory.
Allocated 2626MB shared memory
1900MB global buffers, 190MB routine buffers
This copy of InterSystems IRIS has been licensed for use exclusively by:
InterSystems IRIS Community
Copyright (c) 1986-2026 by InterSystems Corporation
Any other use is a violation of your license agreement

1 alert(s) during startup. See messages.log for details.
Starting IRIS


20:55:57 2026-07-07 [INFO] IRIS^/usr/irissys^2026.1.0.234.1com^running, since Tue Jul  7 20:55:53 2026^iris.cpf^1972^52773^0^warn^IRIS^^^/usr/irissys^1972

20:55:57 2026-07-07 [INFO] ...started InterSystems IRIS instance IRIS
20:59:59 2026-07-07 [INFO] Shutting down InterSystems IRIS instance IRIS...
21:00:05 2026-07-07 [INFO] IRIS^/usr/irissys^2026.1.0.234.1com^down, last used Tue Jul  7 21:00:04 2026^iris.cpf^1972^52773^0^^IRIS^^^/usr/irissys^1972

21:00:05 2026-07-07 [INFO] ...shut down InterSystems IRIS instance IRIS
21:00:07 2026-07-07 [INFO] Writing status to file: /home/irisowner/irissys/iscagent.status
Reading configuration from file: /home/irisowner/irissys/iscagent.conf
ISCAgent[22]: Starting
ISCAgent[23]: Starting ApplicationServer on *:2188

21:00:07 2026-07-07 [INFO] Starting InterSystems IRIS instance IRIS...
21:00:08 2026-07-07 [INFO] Starting Control Process
Global buffer setting requires attention.  Auto-selected 25% of total memory.
Allocated 2626MB shared memory
1900MB global buffers, 190MB routine buffers
This copy of InterSystems IRIS has been licensed for use exclusively by:
InterSystems IRIS Community
Copyright (c) 1986-2026 by InterSystems Corporation
Any other use is a violation of your license agreement
Starting IRIS


21:00:08 2026-07-07 [INFO] IRIS^/usr/irissys^2026.1.0.234.1com^running, since Tue Jul  7 21:00:07 2026^iris.cpf^1972^52773^0^ok^IRIS^^^/usr/irissys^1972

21:00:08 2026-07-07 [INFO] ...started InterSystems IRIS instance IRIS
21:02:43 2026-07-07 [INFO] Shutting down InterSystems IRIS instance IRIS...
21:02:49 2026-07-07 [INFO] IRIS^/usr/irissys^2026.1.0.234.1com^down, last used Tue Jul  7 21:02:48 2026^iris.cpf^1972^52773^0^^IRIS^^^/usr/irissys^1972

21:02:49 2026-07-07 [INFO] ...shut down InterSystems IRIS instance IRIS
21:02:50 2026-07-07 [INFO] Writing status to file: /home/irisowner/irissys/iscagent.status
Reading configuration from file: /home/irisowner/irissys/iscagent.conf
ISCAgent[22]: Starting
ISCAgent[23]: Starting ApplicationServer on *:2188

21:02:50 2026-07-07 [INFO] Starting InterSystems IRIS instance IRIS...
21:02:51 2026-07-07 [INFO] Starting Control Process
Global buffer setting requires attention.  Auto-selected 25% of total memory.
Allocated 2626MB shared memory
1900MB global buffers, 190MB routine buffers
This copy of InterSystems IRIS has been licensed for use exclusively by:
InterSystems IRIS Community
Copyright (c) 1986-2026 by InterSystems Corporation
Any other use is a violation of your license agreement
Starting IRIS


21:02:51 2026-07-07 [INFO] IRIS^/usr/irissys^2026.1.0.234.1com^running, since Tue Jul  7 21:02:50 2026^iris.cpf^1972^52773^0^ok^IRIS^^^/usr/irissys^1972

21:02:51 2026-07-07 [INFO] ...started InterSystems IRIS instance IRIS
21:08:40 2026-07-07 [INFO] Shutting down InterSystems IRIS instance IRIS...
21:08:51 2026-07-07 [INFO] Writing status to file: /home/irisowner/irissys/iscagent.status
Reading configuration from file: /home/irisowner/irissys/iscagent.conf
ISCAgent[22]: Starting
ISCAgent[23]: Starting ApplicationServer on *:2188

21:08:51 2026-07-07 [INFO] Starting InterSystems IRIS instance IRIS...
21:08:55 2026-07-07 [INFO] 
Now attempting recovery in Manager Directory, /usr/irissys/mgr/IRIS.WIJ

INTERSYSTEMS IRIS WRITE IMAGE JOURNALING RESTORE:
There are disk blocks that were not written by InterSystems IRIS when it was
last running with this InterSystems IRIS Manager Directory.  Those blocks are
in the Write Image File, and you can write them now.  If you do not
write those blocks, you will probably have database degradation.
You cannot start InterSystems IRIS until you delete this file, so you will
probably want to write the blocks now and then delete this file.

Is an operator present to answer questions (Y/N)? Y => 
Do you want to write them now (Y/N)? Y => 


Starting Control Process
Global buffer setting requires attention.  Auto-selected 25% of total memory.
Allocated 2626MB shared memory
1900MB global buffers, 190MB routine buffers
This copy of InterSystems IRIS has been licensed for use exclusively by:
InterSystems IRIS Community
Copyright (c) 1986-2026 by InterSystems Corporation
Any other use is a violation of your license agreement

1 alert(s) during startup. See messages.log for details.
Starting IRIS


21:08:55 2026-07-07 [INFO] IRIS^/usr/irissys^2026.1.0.234.1com^running, since Tue Jul  7 21:08:52 2026^iris.cpf^1972^52773^0^ok^IRIS^^^/usr/irissys^1972

21:08:55 2026-07-07 [INFO] ...started InterSystems IRIS instance IRIS
21:09:06 2026-07-07 [INFO] Shutting down InterSystems IRIS instance IRIS...
21:09:12 2026-07-07 [INFO] IRIS^/usr/irissys^2026.1.0.234.1com^down, last used Tue Jul  7 21:09:11 2026^iris.cpf^1972^52773^0^^IRIS^^^/usr/irissys^1972

21:09:12 2026-07-07 [INFO] ...shut down InterSystems IRIS instance IRIS
21:09:13 2026-07-07 [INFO] Writing status to file: /home/irisowner/irissys/iscagent.status
Reading configuration from file: /home/irisowner/irissys/iscagent.conf
ISCAgent[22]: Starting
ISCAgent[23]: Starting ApplicationServer on *:2188

21:09:13 2026-07-07 [INFO] Starting InterSystems IRIS instance IRIS...
21:09:14 2026-07-07 [INFO] Starting Control Process
Global buffer setting requires attention.  Auto-selected 25% of total memory.
Allocated 2626MB shared memory
1900MB global buffers, 190MB routine buffers
This copy of InterSystems IRIS has been licensed for use exclusively by:
InterSystems IRIS Community
Copyright (c) 1986-2026 by InterSystems Corporation
Any other use is a violation of your license agreement
Starting IRIS


21:09:14 2026-07-07 [INFO] IRIS^/usr/irissys^2026.1.0.234.1com^running, since Tue Jul  7 21:09:13 2026^iris.cpf^1972^52773^0^ok^IRIS^^^/usr/irissys^1972

21:09:14 2026-07-07 [INFO] ...started InterSystems IRIS instance IRIS
21:09:44 2026-07-07 [INFO] Shutting down InterSystems IRIS instance IRIS...
21:09:50 2026-07-07 [INFO] IRIS^/usr/irissys^2026.1.0.234.1com^down, last used Tue Jul  7 21:09:49 2026^iris.cpf^1972^52773^0^^IRIS^^^/usr/irissys^1972

21:09:50 2026-07-07 [INFO] ...shut down InterSystems IRIS instance IRIS
21:09:51 2026-07-07 [INFO] Writing status to file: /home/irisowner/irissys/iscagent.status
Reading configuration from file: /home/irisowner/irissys/iscagent.conf
ISCAgent[22]: Starting
ISCAgent[23]: Starting ApplicationServer on *:2188

21:09:51 2026-07-07 [INFO] Starting InterSystems IRIS instance IRIS...
21:09:52 2026-07-07 [INFO] Starting Control Process
Global buffer setting requires attention.  Auto-selected 25% of total memory.
Allocated 2626MB shared memory
1900MB global buffers, 190MB routine buffers
This copy of InterSystems IRIS has been licensed for use exclusively by:
InterSystems IRIS Community
Copyright (c) 1986-2026 by InterSystems Corporation
Any other use is a violation of your license agreement
Starting IRIS


21:09:52 2026-07-07 [INFO] IRIS^/usr/irissys^2026.1.0.234.1com^running, since Tue Jul  7 21:09:51 2026^iris.cpf^1972^52773^0^ok^IRIS^^^/usr/irissys^1972

21:09:52 2026-07-07 [INFO] ...started InterSystems IRIS instance IRIS
21:10:22 2026-07-07 [INFO] Shutting down InterSystems IRIS instance IRIS...
21:10:28 2026-07-07 [INFO] IRIS^/usr/irissys^2026.1.0.234.1com^down, last used Tue Jul  7 21:10:26 2026^iris.cpf^1972^52773^0^^IRIS^^^/usr/irissys^1972

21:10:28 2026-07-07 [INFO] ...shut down InterSystems IRIS instance IRIS
21:10:29 2026-07-07 [INFO] Writing status to file: /home/irisowner/irissys/iscagent.status
Reading configuration from file: /home/irisowner/irissys/iscagent.conf
ISCAgent[22]: Starting
ISCAgent[23]: Starting ApplicationServer on *:2188

21:10:29 2026-07-07 [INFO] Starting InterSystems IRIS instance IRIS...
21:10:30 2026-07-07 [INFO] Starting Control Process
Global buffer setting requires attention.  Auto-selected 25% of total memory.
Allocated 2626MB shared memory
1900MB global buffers, 190MB routine buffers
This copy of InterSystems IRIS has been licensed for use exclusively by:
InterSystems IRIS Community
Copyright (c) 1986-2026 by InterSystems Corporation
Any other use is a violation of your license agreement
Starting IRIS


21:10:30 2026-07-07 [INFO] IRIS^/usr/irissys^2026.1.0.234.1com^running, since Tue Jul  7 21:10:29 2026^iris.cpf^1972^52773^0^ok^IRIS^^^/usr/irissys^1972

21:10:30 2026-07-07 [INFO] ...started InterSystems IRIS instance IRIS
21:11:53 2026-07-07 [INFO] Shutting down InterSystems IRIS instance IRIS...
21:11:59 2026-07-07 [INFO] IRIS^/usr/irissys^2026.1.0.234.1com^down, last used Tue Jul  7 21:11:58 2026^iris.cpf^1972^52773^0^^IRIS^^^/usr/irissys^1972

21:11:59 2026-07-07 [INFO] ...shut down InterSystems IRIS instance IRIS
21:12:00 2026-07-07 [INFO] Writing status to file: /home/irisowner/irissys/iscagent.status
Reading configuration from file: /home/irisowner/irissys/iscagent.conf
ISCAgent[22]: Starting
ISCAgent[23]: Starting ApplicationServer on *:2188

21:12:00 2026-07-07 [INFO] Starting InterSystems IRIS instance IRIS...
21:12:01 2026-07-07 [INFO] Starting Control Process
Global buffer setting requires attention.  Auto-selected 25% of total memory.
Allocated 2626MB shared memory
1900MB global buffers, 190MB routine buffers
This copy of InterSystems IRIS has been licensed for use exclusively by:
InterSystems IRIS Community
Copyright (c) 1986-2026 by InterSystems Corporation
Any other use is a violation of your license agreement
Starting IRIS


21:12:01 2026-07-07 [INFO] IRIS^/usr/irissys^2026.1.0.234.1com^running, since Tue Jul  7 21:12:00 2026^iris.cpf^1972^52773^0^ok^IRIS^^^/usr/irissys^1972

21:12:01 2026-07-07 [INFO] ...started InterSystems IRIS instance IRIS
21:14:03 2026-07-07 [INFO] Shutting down InterSystems IRIS instance IRIS...
21:14:09 2026-07-07 [INFO] IRIS^/usr/irissys^2026.1.0.234.1com^down, last used Tue Jul  7 21:14:07 2026^iris.cpf^1972^52773^0^^IRIS^^^/usr/irissys^1972

21:14:09 2026-07-07 [INFO] ...shut down InterSystems IRIS instance IRIS
21:14:10 2026-07-07 [INFO] Writing status to file: /home/irisowner/irissys/iscagent.status
Reading configuration from file: /home/irisowner/irissys/iscagent.conf
ISCAgent[22]: Starting
ISCAgent[23]: Starting ApplicationServer on *:2188

21:14:10 2026-07-07 [INFO] Starting InterSystems IRIS instance IRIS...
21:14:10 2026-07-07 [INFO] Starting Control Process
Global buffer setting requires attention.  Auto-selected 25% of total memory.
Allocated 2626MB shared memory
1900MB global buffers, 190MB routine buffers
This copy of InterSystems IRIS has been licensed for use exclusively by:
InterSystems IRIS Community
Copyright (c) 1986-2026 by InterSystems Corporation
Any other use is a violation of your license agreement
Starting IRIS


21:14:11 2026-07-07 [INFO] IRIS^/usr/irissys^2026.1.0.234.1com^running, since Tue Jul  7 21:14:10 2026^iris.cpf^1972^52773^0^ok^IRIS^^^/usr/irissys^1972

21:14:11 2026-07-07 [INFO] ...started InterSystems IRIS instance IRIS
21:15:10 2026-07-07 [INFO] Shutting down InterSystems IRIS instance IRIS...
21:15:16 2026-07-07 [INFO] IRIS^/usr/irissys^2026.1.0.234.1com^down, last used Tue Jul  7 21:15:15 2026^iris.cpf^1972^52773^0^^IRIS^^^/usr/irissys^1972

21:15:16 2026-07-07 [INFO] ...shut down InterSystems IRIS instance IRIS
21:15:17 2026-07-07 [INFO] Writing status to file: /home/irisowner/irissys/iscagent.status
Reading configuration from file: /home/irisowner/irissys/iscagent.conf
ISCAgent[22]: Starting
ISCAgent[23]: Starting ApplicationServer on *:2188

21:15:17 2026-07-07 [INFO] Starting InterSystems IRIS instance IRIS...
21:15:18 2026-07-07 [INFO] Starting Control Process
Global buffer setting requires attention.  Auto-selected 25% of total memory.
Allocated 2626MB shared memory
1900MB global buffers, 190MB routine buffers
This copy of InterSystems IRIS has been licensed for use exclusively by:
InterSystems IRIS Community
Copyright (c) 1986-2026 by InterSystems Corporation
Any other use is a violation of your license agreement
Starting IRIS


21:15:18 2026-07-07 [INFO] IRIS^/usr/irissys^2026.1.0.234.1com^running, since Tue Jul  7 21:15:17 2026^iris.cpf^1972^52773^0^ok^IRIS^^^/usr/irissys^1972

21:15:18 2026-07-07 [INFO] ...started InterSystems IRIS instance IRIS
21:18:19 2026-07-07 [INFO] Shutting down InterSystems IRIS instance IRIS...
21:18:27 2026-07-07 [INFO] IRIS^/usr/irissys^2026.1.0.234.1com^down, last used Tue Jul  7 21:18:26 2026^iris.cpf^1972^52773^0^^IRIS^^^/usr/irissys^1972

21:18:27 2026-07-07 [INFO] ...shut down InterSystems IRIS instance IRIS
21:18:29 2026-07-07 [INFO] Writing status to file: /home/irisowner/irissys/iscagent.status
Reading configuration from file: /home/irisowner/irissys/iscagent.conf
ISCAgent[22]: Starting
ISCAgent[23]: Starting ApplicationServer on *:2188

21:18:29 2026-07-07 [INFO] Starting InterSystems IRIS instance IRIS...
21:18:30 2026-07-07 [INFO] Starting Control Process
Global buffer setting requires attention.  Auto-selected 25% of total memory.
Allocated 2626MB shared memory
1900MB global buffers, 190MB routine buffers
This copy of InterSystems IRIS has been licensed for use exclusively by:
InterSystems IRIS Community
Copyright (c) 1986-2026 by InterSystems Corporation
Any other use is a violation of your license agreement
Starting IRIS


21:18:30 2026-07-07 [INFO] IRIS^/usr/irissys^2026.1.0.234.1com^running, since Tue Jul  7 21:18:29 2026^iris.cpf^1972^52773^0^ok^IRIS^^^/usr/irissys^1972

21:18:30 2026-07-07 [INFO] ...started InterSystems IRIS instance IRIS
21:27:28 2026-07-07 [INFO] Shutting down InterSystems IRIS instance IRIS...
21:27:35 2026-07-07 [INFO] IRIS^/usr/irissys^2026.1.0.234.1com^down, last used Tue Jul  7 21:27:33 2026^iris.cpf^1972^52773^0^^IRIS^^^/usr/irissys^1972

21:27:35 2026-07-07 [INFO] ...shut down InterSystems IRIS instance IRIS
21:27:36 2026-07-07 [INFO] Writing status to file: /home/irisowner/irissys/iscagent.status
Reading configuration from file: /home/irisowner/irissys/iscagent.conf
ISCAgent[22]: Starting
ISCAgent[23]: Starting ApplicationServer on *:2188

21:27:36 2026-07-07 [INFO] Starting InterSystems IRIS instance IRIS...
21:27:38 2026-07-07 [INFO] Starting Control Process
Global buffer setting requires attention.  Auto-selected 25% of total memory.
Allocated 2626MB shared memory
1900MB global buffers, 190MB routine buffers
This copy of InterSystems IRIS has been licensed for use exclusively by:
InterSystems IRIS Community
Copyright (c) 1986-2026 by InterSystems Corporation
Any other use is a violation of your license agreement
Starting IRIS


21:27:38 2026-07-07 [INFO] IRIS^/usr/irissys^2026.1.0.234.1com^running, since Tue Jul  7 21:27:37 2026^iris.cpf^1972^52773^0^ok^IRIS^^^/usr/irissys^1972

21:27:38 2026-07-07 [INFO] ...started InterSystems IRIS instance IRIS
21:35:34 2026-07-07 [INFO] Shutting down InterSystems IRIS instance IRIS...
21:35:46 2026-07-07 [INFO] Writing status to file: /home/irisowner/irissys/iscagent.status
Reading configuration from file: /home/irisowner/irissys/iscagent.conf
ISCAgent[22]: Starting
ISCAgent[23]: Starting ApplicationServer on *:2188

21:35:46 2026-07-07 [INFO] Starting InterSystems IRIS instance IRIS...
21:35:51 2026-07-07 [INFO] 
Now attempting recovery in Manager Directory, /usr/irissys/mgr/IRIS.WIJ

INTERSYSTEMS IRIS WRITE IMAGE JOURNALING RESTORE:
There are disk blocks that were not written by InterSystems IRIS when it was
last running with this InterSystems IRIS Manager Directory.  Those blocks are
in the Write Image File, and you can write them now.  If you do not
write those blocks, you will probably have database degradation.
You cannot start InterSystems IRIS until you delete this file, so you will
probably want to write the blocks now and then delete this file.

Is an operator present to answer questions (Y/N)? Y => 
Do you want to write them now (Y/N)? Y => 


Starting Control Process
Global buffer setting requires attention.  Auto-selected 25% of total memory.
Allocated 2626MB shared memory
1900MB global buffers, 190MB routine buffers
This copy of InterSystems IRIS has been licensed for use exclusively by:
InterSystems IRIS Community
Copyright (c) 1986-2026 by InterSystems Corporation
Any other use is a violation of your license agreement

1 alert(s) during startup. See messages.log for details.
Starting IRIS


21:35:51 2026-07-07 [INFO] IRIS^/usr/irissys^2026.1.0.234.1com^running, since Tue Jul  7 21:35:47 2026^iris.cpf^1972^52773^0^warn^IRIS^^^/usr/irissys^1972

21:35:51 2026-07-07 [INFO] ...started InterSystems IRIS instance IRIS
21:38:47 2026-07-07 [INFO] Shutting down InterSystems IRIS instance IRIS...
21:38:53 2026-07-07 [INFO] IRIS^/usr/irissys^2026.1.0.234.1com^down, last used Tue Jul  7 21:38:52 2026^iris.cpf^1972^52773^0^^IRIS^^^/usr/irissys^1972

21:38:53 2026-07-07 [INFO] ...shut down InterSystems IRIS instance IRIS
21:38:55 2026-07-07 [INFO] Writing status to file: /home/irisowner/irissys/iscagent.status
Reading configuration from file: /home/irisowner/irissys/iscagent.conf
ISCAgent[22]: Starting
ISCAgent[23]: Starting ApplicationServer on *:2188

21:38:55 2026-07-07 [INFO] Starting InterSystems IRIS instance IRIS...
21:38:56 2026-07-07 [INFO] Starting Control Process
Global buffer setting requires attention.  Auto-selected 25% of total memory.
Allocated 2626MB shared memory
1900MB global buffers, 190MB routine buffers
This copy of InterSystems IRIS has been licensed for use exclusively by:
InterSystems IRIS Community
Copyright (c) 1986-2026 by InterSystems Corporation
Any other use is a violation of your license agreement
Starting IRIS


21:38:56 2026-07-07 [INFO] IRIS^/usr/irissys^2026.1.0.234.1com^running, since Tue Jul  7 21:38:55 2026^iris.cpf^1972^52773^0^ok^IRIS^^^/usr/irissys^1972

21:38:56 2026-07-07 [INFO] ...started InterSystems IRIS instance IRIS
21:41:58 2026-07-07 [INFO] Shutting down InterSystems IRIS instance IRIS...
21:42:04 2026-07-07 [INFO] IRIS^/usr/irissys^2026.1.0.234.1com^down, last used Tue Jul  7 21:42:02 2026^iris.cpf^1972^52773^0^^IRIS^^^/usr/irissys^1972

21:42:04 2026-07-07 [INFO] ...shut down InterSystems IRIS instance IRIS
21:42:05 2026-07-07 [INFO] Writing status to file: /home/irisowner/irissys/iscagent.status
Reading configuration from file: /home/irisowner/irissys/iscagent.conf
ISCAgent[22]: Starting
ISCAgent[23]: Starting ApplicationServer on *:2188

21:42:05 2026-07-07 [INFO] Starting InterSystems IRIS instance IRIS...
21:42:06 2026-07-07 [INFO] Starting Control Process
Global buffer setting requires attention.  Auto-selected 25% of total memory.
Allocated 2626MB shared memory
1900MB global buffers, 190MB routine buffers
This copy of InterSystems IRIS has been licensed for use exclusively by:
InterSystems IRIS Community
Copyright (c) 1986-2026 by InterSystems Corporation
Any other use is a violation of your license agreement
Starting IRIS


21:42:06 2026-07-07 [INFO] IRIS^/usr/irissys^2026.1.0.234.1com^running, since Tue Jul  7 21:42:05 2026^iris.cpf^1972^52773^0^ok^IRIS^^^/usr/irissys^1972

21:42:06 2026-07-07 [INFO] ...started InterSystems IRIS instance IRIS
21:46:29 2026-07-07 [INFO] Shutting down InterSystems IRIS instance IRIS...
21:46:41 2026-07-07 [INFO] Writing status to file: /home/irisowner/irissys/iscagent.status
Reading configuration from file: /home/irisowner/irissys/iscagent.conf
ISCAgent[22]: Starting
ISCAgent[23]: Starting ApplicationServer on *:2188

21:46:41 2026-07-07 [INFO] Starting InterSystems IRIS instance IRIS...
21:46:45 2026-07-07 [INFO] Starting Control Process
Global buffer setting requires attention.  Auto-selected 25% of total memory.
Allocated 2626MB shared memory
1900MB global buffers, 190MB routine buffers
This copy of InterSystems IRIS has been licensed for use exclusively by:
InterSystems IRIS Community
Copyright (c) 1986-2026 by InterSystems Corporation
Any other use is a violation of your license agreement

2 alert(s) during startup. See messages.log for details.
Starting IRIS


21:46:45 2026-07-07 [INFO] IRIS^/usr/irissys^2026.1.0.234.1com^running, since Tue Jul  7 21:46:41 2026^iris.cpf^1972^52773^0^warn^IRIS^^^/usr/irissys^1972

21:46:45 2026-07-07 [INFO] ...started InterSystems IRIS instance IRIS
21:46:56 2026-07-07 [INFO] Shutting down InterSystems IRIS instance IRIS...
21:47:01 2026-07-07 [INFO] IRIS^/usr/irissys^2026.1.0.234.1com^down, last used Tue Jul  7 21:47:00 2026^iris.cpf^1972^52773^0^^IRIS^^^/usr/irissys^1972

21:47:01 2026-07-07 [INFO] ...shut down InterSystems IRIS instance IRIS
21:47:03 2026-07-07 [INFO] Writing status to file: /home/irisowner/irissys/iscagent.status
Reading configuration from file: /home/irisowner/irissys/iscagent.conf
ISCAgent[22]: Starting
ISCAgent[23]: Starting ApplicationServer on *:2188

21:47:03 2026-07-07 [INFO] Starting InterSystems IRIS instance IRIS...
21:47:04 2026-07-07 [INFO] Starting Control Process
Global buffer setting requires attention.  Auto-selected 25% of total memory.
Allocated 2626MB shared memory
1900MB global buffers, 190MB routine buffers
This copy of InterSystems IRIS has been licensed for use exclusively by:
InterSystems IRIS Community
Copyright (c) 1986-2026 by InterSystems Corporation
Any other use is a violation of your license agreement
Starting IRIS


21:47:04 2026-07-07 [INFO] IRIS^/usr/irissys^2026.1.0.234.1com^running, since Tue Jul  7 21:47:03 2026^iris.cpf^1972^52773^0^ok^IRIS^^^/usr/irissys^1972

21:47:04 2026-07-07 [INFO] ...started InterSystems IRIS instance IRIS
21:48:06 2026-07-07 [INFO] Shutting down InterSystems IRIS instance IRIS...
21:48:12 2026-07-07 [INFO] IRIS^/usr/irissys^2026.1.0.234.1com^down, last used Tue Jul  7 21:48:10 2026^iris.cpf^1972^52773^0^^IRIS^^^/usr/irissys^1972

21:48:12 2026-07-07 [INFO] ...shut down InterSystems IRIS instance IRIS
21:48:13 2026-07-07 [INFO] Writing status to file: /home/irisowner/irissys/iscagent.status
Reading configuration from file: /home/irisowner/irissys/iscagent.conf
ISCAgent[22]: Starting
ISCAgent[23]: Starting ApplicationServer on *:2188

21:48:13 2026-07-07 [INFO] Starting InterSystems IRIS instance IRIS...
21:48:14 2026-07-07 [INFO] Starting Control Process
Global buffer setting requires attention.  Auto-selected 25% of total memory.
Allocated 2626MB shared memory
1900MB global buffers, 190MB routine buffers
This copy of InterSystems IRIS has been licensed for use exclusively by:
InterSystems IRIS Community
Copyright (c) 1986-2026 by InterSystems Corporation
Any other use is a violation of your license agreement
Starting IRIS


21:48:14 2026-07-07 [INFO] IRIS^/usr/irissys^2026.1.0.234.1com^running, since Tue Jul  7 21:48:13 2026^iris.cpf^1972^52773^0^ok^IRIS^^^/usr/irissys^1972

21:48:14 2026-07-07 [INFO] ...started InterSystems IRIS instance IRIS
21:49:32 2026-07-07 [INFO] Shutting down InterSystems IRIS instance IRIS...
21:49:38 2026-07-07 [INFO] IRIS^/usr/irissys^2026.1.0.234.1com^down, last used Tue Jul  7 21:49:36 2026^iris.cpf^1972^52773^0^^IRIS^^^/usr/irissys^1972

21:49:38 2026-07-07 [INFO] ...shut down InterSystems IRIS instance IRIS
21:49:39 2026-07-07 [INFO] Writing status to file: /home/irisowner/irissys/iscagent.status
Reading configuration from file: /home/irisowner/irissys/iscagent.conf
ISCAgent[22]: Starting
ISCAgent[23]: Starting ApplicationServer on *:2188

21:49:39 2026-07-07 [INFO] Starting InterSystems IRIS instance IRIS...
21:49:40 2026-07-07 [INFO] Starting Control Process
Global buffer setting requires attention.  Auto-selected 25% of total memory.
Allocated 2626MB shared memory
1900MB global buffers, 190MB routine buffers
This copy of InterSystems IRIS has been licensed for use exclusively by:
InterSystems IRIS Community
Copyright (c) 1986-2026 by InterSystems Corporation
Any other use is a violation of your license agreement
Starting IRIS


21:49:40 2026-07-07 [INFO] IRIS^/usr/irissys^2026.1.0.234.1com^running, since Tue Jul  7 21:49:39 2026^iris.cpf^1972^52773^0^ok^IRIS^^^/usr/irissys^1972

21:49:40 2026-07-07 [INFO] ...started InterSystems IRIS instance IRIS
21:50:13 2026-07-07 [INFO] Shutting down InterSystems IRIS instance IRIS...
21:50:19 2026-07-07 [INFO] IRIS^/usr/irissys^2026.1.0.234.1com^down, last used Tue Jul  7 21:50:18 2026^iris.cpf^1972^52773^0^^IRIS^^^/usr/irissys^1972

21:50:19 2026-07-07 [INFO] ...shut down InterSystems IRIS instance IRIS
21:50:20 2026-07-07 [INFO] Writing status to file: /home/irisowner/irissys/iscagent.status
Reading configuration from file: /home/irisowner/irissys/iscagent.conf
ISCAgent[22]: Starting
ISCAgent[23]: Starting ApplicationServer on *:2188

21:50:20 2026-07-07 [INFO] Starting InterSystems IRIS instance IRIS...
21:50:21 2026-07-07 [INFO] Starting Control Process
Global buffer setting requires attention.  Auto-selected 25% of total memory.
Allocated 2626MB shared memory
1900MB global buffers, 190MB routine buffers
This copy of InterSystems IRIS has been licensed for use exclusively by:
InterSystems IRIS Community
Copyright (c) 1986-2026 by InterSystems Corporation
Any other use is a violation of your license agreement
Starting IRIS


21:50:21 2026-07-07 [INFO] IRIS^/usr/irissys^2026.1.0.234.1com^running, since Tue Jul  7 21:50:20 2026^iris.cpf^1972^52773^0^ok^IRIS^^^/usr/irissys^1972

21:50:21 2026-07-07 [INFO] ...started InterSystems IRIS instance IRIS
21:53:08 2026-07-07 [INFO] Shutting down InterSystems IRIS instance IRIS...
21:53:20 2026-07-07 [INFO] Writing status to file: /home/irisowner/irissys/iscagent.status
Reading configuration from file: /home/irisowner/irissys/iscagent.conf
ISCAgent[22]: Starting
ISCAgent[23]: Starting ApplicationServer on *:2188

21:53:20 2026-07-07 [INFO] Starting InterSystems IRIS instance IRIS...
21:53:24 2026-07-07 [INFO] 
Now attempting WIJ compare, /usr/irissys/mgr/IRIS.WIJ
Starting Control Process
Global buffer setting requires attention.  Auto-selected 25% of total memory.
Allocated 2626MB shared memory
1900MB global buffers, 190MB routine buffers
This copy of InterSystems IRIS has been licensed for use exclusively by:
InterSystems IRIS Community
Copyright (c) 1986-2026 by InterSystems Corporation
Any other use is a violation of your license agreement

1 alert(s) during startup. See messages.log for details.
Starting IRIS


21:53:24 2026-07-07 [INFO] IRIS^/usr/irissys^2026.1.0.234.1com^running, since Tue Jul  7 21:53:20 2026^iris.cpf^1972^52773^0^warn^IRIS^^^/usr/irissys^1972

21:53:24 2026-07-07 [INFO] ...started InterSystems IRIS instance IRIS
21:53:36 2026-07-07 [INFO] Shutting down InterSystems IRIS instance IRIS...
21:53:42 2026-07-07 [INFO] IRIS^/usr/irissys^2026.1.0.234.1com^down, last used Tue Jul  7 21:53:41 2026^iris.cpf^1972^52773^0^^IRIS^^^/usr/irissys^1972

21:53:42 2026-07-07 [INFO] ...shut down InterSystems IRIS instance IRIS
21:53:43 2026-07-07 [INFO] Writing status to file: /home/irisowner/irissys/iscagent.status
Reading configuration from file: /home/irisowner/irissys/iscagent.conf
ISCAgent[22]: Starting
ISCAgent[23]: Starting ApplicationServer on *:2188

21:53:43 2026-07-07 [INFO] Starting InterSystems IRIS instance IRIS...
21:53:44 2026-07-07 [INFO] Starting Control Process
Global buffer setting requires attention.  Auto-selected 25% of total memory.
Allocated 2626MB shared memory
1900MB global buffers, 190MB routine buffers
This copy of InterSystems IRIS has been licensed for use exclusively by:
InterSystems IRIS Community
Copyright (c) 1986-2026 by InterSystems Corporation
Any other use is a violation of your license agreement
Starting IRIS


21:53:44 2026-07-07 [INFO] IRIS^/usr/irissys^2026.1.0.234.1com^running, since Tue Jul  7 21:53:43 2026^iris.cpf^1972^52773^0^ok^IRIS^^^/usr/irissys^1972

21:53:44 2026-07-07 [INFO] ...started InterSystems IRIS instance IRIS
22:00:34 2026-07-07 [INFO] Shutting down InterSystems IRIS instance IRIS...
22:00:39 2026-07-07 [INFO] IRIS^/usr/irissys^2026.1.0.234.1com^down, last used Tue Jul  7 22:00:38 2026^iris.cpf^1972^52773^0^^IRIS^^^/usr/irissys^1972

22:00:39 2026-07-07 [INFO] ...shut down InterSystems IRIS instance IRIS
22:00:41 2026-07-07 [INFO] Writing status to file: /home/irisowner/irissys/iscagent.status
Reading configuration from file: /home/irisowner/irissys/iscagent.conf
ISCAgent[22]: Starting
ISCAgent[23]: Starting ApplicationServer on *:2188

22:00:41 2026-07-07 [INFO] Starting InterSystems IRIS instance IRIS...
22:00:42 2026-07-07 [INFO] Starting Control Process
Global buffer setting requires attention.  Auto-selected 25% of total memory.
Allocated 2626MB shared memory
1900MB global buffers, 190MB routine buffers
This copy of InterSystems IRIS has been licensed for use exclusively by:
InterSystems IRIS Community
Copyright (c) 1986-2026 by InterSystems Corporation
Any other use is a violation of your license agreement
Starting IRIS


22:00:42 2026-07-07 [INFO] IRIS^/usr/irissys^2026.1.0.234.1com^running, since Tue Jul  7 22:00:41 2026^iris.cpf^1972^52773^0^ok^IRIS^^^/usr/irissys^1972

22:00:42 2026-07-07 [INFO] ...started InterSystems IRIS instance IRIS
22:02:08 2026-07-07 [INFO] Shutting down InterSystems IRIS instance IRIS...
22:02:14 2026-07-07 [INFO] IRIS^/usr/irissys^2026.1.0.234.1com^down, last used Tue Jul  7 22:02:12 2026^iris.cpf^1972^52773^0^^IRIS^^^/usr/irissys^1972

22:02:14 2026-07-07 [INFO] ...shut down InterSystems IRIS instance IRIS
22:02:15 2026-07-07 [INFO] Writing status to file: /home/irisowner/irissys/iscagent.status
Reading configuration from file: /home/irisowner/irissys/iscagent.conf
ISCAgent[22]: Starting
ISCAgent[23]: Starting ApplicationServer on *:2188

22:02:15 2026-07-07 [INFO] Starting InterSystems IRIS instance IRIS...
22:02:16 2026-07-07 [INFO] Starting Control Process
Global buffer setting requires attention.  Auto-selected 25% of total memory.
Allocated 2626MB shared memory
1900MB global buffers, 190MB routine buffers
This copy of InterSystems IRIS has been licensed for use exclusively by:
InterSystems IRIS Community
Copyright (c) 1986-2026 by InterSystems Corporation
Any other use is a violation of your license agreement
Starting IRIS


22:02:16 2026-07-07 [INFO] IRIS^/usr/irissys^2026.1.0.234.1com^running, since Tue Jul  7 22:02:15 2026^iris.cpf^1972^52773^0^ok^IRIS^^^/usr/irissys^1972

22:02:16 2026-07-07 [INFO] ...started InterSystems IRIS instance IRIS
22:03:31 2026-07-07 [INFO] Shutting down InterSystems IRIS instance IRIS...
22:03:37 2026-07-07 [INFO] IRIS^/usr/irissys^2026.1.0.234.1com^down, last used Tue Jul  7 22:03:35 2026^iris.cpf^1972^52773^0^^IRIS^^^/usr/irissys^1972

22:03:37 2026-07-07 [INFO] ...shut down InterSystems IRIS instance IRIS
22:03:38 2026-07-07 [INFO] Writing status to file: /home/irisowner/irissys/iscagent.status
Reading configuration from file: /home/irisowner/irissys/iscagent.conf
ISCAgent[22]: Starting
ISCAgent[23]: Starting ApplicationServer on *:2188

22:03:38 2026-07-07 [INFO] Starting InterSystems IRIS instance IRIS...
22:03:39 2026-07-07 [INFO] Starting Control Process
Global buffer setting requires attention.  Auto-selected 25% of total memory.
Allocated 2626MB shared memory
1900MB global buffers, 190MB routine buffers
This copy of InterSystems IRIS has been licensed for use exclusively by:
InterSystems IRIS Community
Copyright (c) 1986-2026 by InterSystems Corporation
Any other use is a violation of your license agreement
Starting IRIS


22:03:39 2026-07-07 [INFO] IRIS^/usr/irissys^2026.1.0.234.1com^running, since Tue Jul  7 22:03:38 2026^iris.cpf^1972^52773^0^ok^IRIS^^^/usr/irissys^1972

22:03:39 2026-07-07 [INFO] ...started InterSystems IRIS instance IRIS
22:07:19 2026-07-07 [INFO] Shutting down InterSystems IRIS instance IRIS...
22:07:25 2026-07-07 [INFO] IRIS^/usr/irissys^2026.1.0.234.1com^down, last used Tue Jul  7 22:07:24 2026^iris.cpf^1972^52773^0^^IRIS^^^/usr/irissys^1972

22:07:25 2026-07-07 [INFO] ...shut down InterSystems IRIS instance IRIS
22:07:26 2026-07-07 [INFO] Writing status to file: /home/irisowner/irissys/iscagent.status
Reading configuration from file: /home/irisowner/irissys/iscagent.conf
ISCAgent[22]: Starting
ISCAgent[23]: Starting ApplicationServer on *:2188

22:07:26 2026-07-07 [INFO] Starting InterSystems IRIS instance IRIS...
22:07:27 2026-07-07 [INFO] Starting Control Process
Global buffer setting requires attention.  Auto-selected 25% of total memory.
Allocated 2626MB shared memory
1900MB global buffers, 190MB routine buffers
This copy of InterSystems IRIS has been licensed for use exclusively by:
InterSystems IRIS Community
Copyright (c) 1986-2026 by InterSystems Corporation
Any other use is a violation of your license agreement
Starting IRIS


22:07:27 2026-07-07 [INFO] IRIS^/usr/irissys^2026.1.0.234.1com^running, since Tue Jul  7 22:07:26 2026^iris.cpf^1972^52773^0^ok^IRIS^^^/usr/irissys^1972

22:07:27 2026-07-07 [INFO] ...started InterSystems IRIS instance IRIS
22:10:50 2026-07-07 [INFO] Shutting down InterSystems IRIS instance IRIS...
22:11:00 2026-07-07 [INFO] IRIS^/usr/irissys^2026.1.0.234.1com^down, last used Tue Jul  7 22:10:58 2026^iris.cpf^1972^52773^0^^IRIS^^^/usr/irissys^1972

22:11:00 2026-07-07 [INFO] ...shut down InterSystems IRIS instance IRIS
22:11:01 2026-07-07 [INFO] Writing status to file: /home/irisowner/irissys/iscagent.status
Reading configuration from file: /home/irisowner/irissys/iscagent.conf
ISCAgent[22]: Starting
ISCAgent[23]: Starting ApplicationServer on *:2188

22:11:01 2026-07-07 [INFO] Starting InterSystems IRIS instance IRIS...
22:11:03 2026-07-07 [INFO] Starting Control Process
Global buffer setting requires attention.  Auto-selected 25% of total memory.
Allocated 2626MB shared memory
1900MB global buffers, 190MB routine buffers
This copy of InterSystems IRIS has been licensed for use exclusively by:
InterSystems IRIS Community
Copyright (c) 1986-2026 by InterSystems Corporation
Any other use is a violation of your license agreement
Starting IRIS


22:11:03 2026-07-07 [INFO] IRIS^/usr/irissys^2026.1.0.234.1com^running, since Tue Jul  7 22:11:01 2026^iris.cpf^1972^52773^0^ok^IRIS^^^/usr/irissys^1972

22:11:03 2026-07-07 [INFO] ...started InterSystems IRIS instance IRIS
22:13:25 2026-07-07 [INFO] Shutting down InterSystems IRIS instance IRIS...
22:13:31 2026-07-07 [INFO] IRIS^/usr/irissys^2026.1.0.234.1com^down, last used Tue Jul  7 22:13:30 2026^iris.cpf^1972^52773^0^^IRIS^^^/usr/irissys^1972

22:13:31 2026-07-07 [INFO] ...shut down InterSystems IRIS instance IRIS
22:13:33 2026-07-07 [INFO] Writing status to file: /home/irisowner/irissys/iscagent.status
Reading configuration from file: /home/irisowner/irissys/iscagent.conf
ISCAgent[22]: Starting
ISCAgent[23]: Starting ApplicationServer on *:2188

22:13:33 2026-07-07 [INFO] Starting InterSystems IRIS instance IRIS...
22:13:34 2026-07-07 [INFO] Starting Control Process
Global buffer setting requires attention.  Auto-selected 25% of total memory.
Allocated 2626MB shared memory
1900MB global buffers, 190MB routine buffers
This copy of InterSystems IRIS has been licensed for use exclusively by:
InterSystems IRIS Community
Copyright (c) 1986-2026 by InterSystems Corporation
Any other use is a violation of your license agreement
Starting IRIS


22:13:34 2026-07-07 [INFO] IRIS^/usr/irissys^2026.1.0.234.1com^running, since Tue Jul  7 22:13:33 2026^iris.cpf^1972^52773^0^ok^IRIS^^^/usr/irissys^1972

22:13:34 2026-07-07 [INFO] ...started InterSystems IRIS instance IRIS
22:15:41 2026-07-07 [INFO] Shutting down InterSystems IRIS instance IRIS...
22:15:47 2026-07-07 [INFO] IRIS^/usr/irissys^2026.1.0.234.1com^down, last used Tue Jul  7 22:15:45 2026^iris.cpf^1972^52773^0^^IRIS^^^/usr/irissys^1972

22:15:47 2026-07-07 [INFO] ...shut down InterSystems IRIS instance IRIS
22:15:48 2026-07-07 [INFO] Writing status to file: /home/irisowner/irissys/iscagent.status
Reading configuration from file: /home/irisowner/irissys/iscagent.conf
ISCAgent[22]: Starting
ISCAgent[23]: Starting ApplicationServer on *:2188

22:15:48 2026-07-07 [INFO] Starting InterSystems IRIS instance IRIS...
22:15:50 2026-07-07 [INFO] Starting Control Process
Global buffer setting requires attention.  Auto-selected 25% of total memory.
Allocated 2626MB shared memory
1900MB global buffers, 190MB routine buffers
This copy of InterSystems IRIS has been licensed for use exclusively by:
InterSystems IRIS Community
Copyright (c) 1986-2026 by InterSystems Corporation
Any other use is a violation of your license agreement
Starting IRIS


22:15:50 2026-07-07 [INFO] IRIS^/usr/irissys^2026.1.0.234.1com^running, since Tue Jul  7 22:15:48 2026^iris.cpf^1972^52773^0^ok^IRIS^^^/usr/irissys^1972

22:15:50 2026-07-07 [INFO] ...started InterSystems IRIS instance IRIS
22:20:25 2026-07-07 [INFO] Shutting down InterSystems IRIS instance IRIS...
22:20:31 2026-07-07 [INFO] IRIS^/usr/irissys^2026.1.0.234.1com^down, last used Tue Jul  7 22:20:29 2026^iris.cpf^1972^52773^0^^IRIS^^^/usr/irissys^1972

22:20:31 2026-07-07 [INFO] ...shut down InterSystems IRIS instance IRIS
22:20:32 2026-07-07 [INFO] Writing status to file: /home/irisowner/irissys/iscagent.status
Reading configuration from file: /home/irisowner/irissys/iscagent.conf
ISCAgent[22]: Starting
ISCAgent[23]: Starting ApplicationServer on *:2188

22:20:32 2026-07-07 [INFO] Starting InterSystems IRIS instance IRIS...
22:20:34 2026-07-07 [INFO] Starting Control Process
Global buffer setting requires attention.  Auto-selected 25% of total memory.
Allocated 2626MB shared memory
1900MB global buffers, 190MB routine buffers
This copy of InterSystems IRIS has been licensed for use exclusively by:
InterSystems IRIS Community
Copyright (c) 1986-2026 by InterSystems Corporation
Any other use is a violation of your license agreement
Starting IRIS


22:20:34 2026-07-07 [INFO] IRIS^/usr/irissys^2026.1.0.234.1com^running, since Tue Jul  7 22:20:32 2026^iris.cpf^1972^52773^0^ok^IRIS^^^/usr/irissys^1972

22:20:34 2026-07-07 [INFO] ...started InterSystems IRIS instance IRIS
22:39:00 2026-07-07 [INFO] Shutting down InterSystems IRIS instance IRIS...
22:39:12 2026-07-07 [INFO] Writing status to file: /home/irisowner/irissys/iscagent.status
Reading configuration from file: /home/irisowner/irissys/iscagent.conf
ISCAgent[22]: Starting
ISCAgent[23]: Starting ApplicationServer on *:2188

22:39:12 2026-07-07 [INFO] Starting InterSystems IRIS instance IRIS...
22:39:17 2026-07-07 [INFO] 
Now attempting WIJ compare, /usr/irissys/mgr/IRIS.WIJ
Starting Control Process
Global buffer setting requires attention.  Auto-selected 25% of total memory.
Allocated 2626MB shared memory
1900MB global buffers, 190MB routine buffers
This copy of InterSystems IRIS has been licensed for use exclusively by:
InterSystems IRIS Community
Copyright (c) 1986-2026 by InterSystems Corporation
Any other use is a violation of your license agreement

1 alert(s) during startup. See messages.log for details.
Starting IRIS


22:39:17 2026-07-07 [INFO] IRIS^/usr/irissys^2026.1.0.234.1com^running, since Tue Jul  7 22:39:13 2026^iris.cpf^1972^52773^0^warn^IRIS^^^/usr/irissys^1972

22:39:17 2026-07-07 [INFO] ...started InterSystems IRIS instance IRIS
22:40:12 2026-07-07 [INFO] Shutting down InterSystems IRIS instance IRIS...
22:40:18 2026-07-07 [INFO] IRIS^/usr/irissys^2026.1.0.234.1com^down, last used Tue Jul  7 22:40:16 2026^iris.cpf^1972^52773^0^^IRIS^^^/usr/irissys^1972

22:40:18 2026-07-07 [INFO] ...shut down InterSystems IRIS instance IRIS
22:40:19 2026-07-07 [INFO] Writing status to file: /home/irisowner/irissys/iscagent.status
Reading configuration from file: /home/irisowner/irissys/iscagent.conf
ISCAgent[22]: Starting
ISCAgent[23]: Starting ApplicationServer on *:2188

22:40:19 2026-07-07 [INFO] Starting InterSystems IRIS instance IRIS...
22:40:21 2026-07-07 [INFO] Starting Control Process
Global buffer setting requires attention.  Auto-selected 25% of total memory.
Allocated 2626MB shared memory
1900MB global buffers, 190MB routine buffers
This copy of InterSystems IRIS has been licensed for use exclusively by:
InterSystems IRIS Community
Copyright (c) 1986-2026 by InterSystems Corporation
Any other use is a violation of your license agreement
Starting IRIS


22:40:21 2026-07-07 [INFO] IRIS^/usr/irissys^2026.1.0.234.1com^running, since Tue Jul  7 22:40:19 2026^iris.cpf^1972^52773^0^ok^IRIS^^^/usr/irissys^1972

22:40:21 2026-07-07 [INFO] ...started InterSystems IRIS instance IRIS
22:43:04 2026-07-07 [INFO] Shutting down InterSystems IRIS instance IRIS...
22:43:10 2026-07-07 [INFO] IRIS^/usr/irissys^2026.1.0.234.1com^down, last used Tue Jul  7 22:43:09 2026^iris.cpf^1972^52773^0^^IRIS^^^/usr/irissys^1972

22:43:10 2026-07-07 [INFO] ...shut down InterSystems IRIS instance IRIS
22:43:11 2026-07-07 [INFO] Writing status to file: /home/irisowner/irissys/iscagent.status
Reading configuration from file: /home/irisowner/irissys/iscagent.conf
ISCAgent[22]: Starting
ISCAgent[23]: Starting ApplicationServer on *:2188

22:43:11 2026-07-07 [INFO] Starting InterSystems IRIS instance IRIS...
22:43:12 2026-07-07 [INFO] Starting Control Process
Global buffer setting requires attention.  Auto-selected 25% of total memory.
Allocated 2626MB shared memory
1900MB global buffers, 190MB routine buffers
This copy of InterSystems IRIS has been licensed for use exclusively by:
InterSystems IRIS Community
Copyright (c) 1986-2026 by InterSystems Corporation
Any other use is a violation of your license agreement
Starting IRIS


22:43:12 2026-07-07 [INFO] IRIS^/usr/irissys^2026.1.0.234.1com^running, since Tue Jul  7 22:43:11 2026^iris.cpf^1972^52773^0^ok^IRIS^^^/usr/irissys^1972

22:43:12 2026-07-07 [INFO] ...started InterSystems IRIS instance IRIS
22:43:40 2026-07-07 [INFO] Shutting down InterSystems IRIS instance IRIS...
22:43:45 2026-07-07 [INFO] IRIS^/usr/irissys^2026.1.0.234.1com^down, last used Tue Jul  7 22:43:44 2026^iris.cpf^1972^52773^0^^IRIS^^^/usr/irissys^1972

22:43:45 2026-07-07 [INFO] ...shut down InterSystems IRIS instance IRIS
22:43:47 2026-07-07 [INFO] Writing status to file: /home/irisowner/irissys/iscagent.status
Reading configuration from file: /home/irisowner/irissys/iscagent.conf
ISCAgent[22]: Starting
ISCAgent[23]: Starting ApplicationServer on *:2188

22:43:47 2026-07-07 [INFO] Starting InterSystems IRIS instance IRIS...
22:43:48 2026-07-07 [INFO] Starting Control Process
Global buffer setting requires attention.  Auto-selected 25% of total memory.
Allocated 2626MB shared memory
1900MB global buffers, 190MB routine buffers
This copy of InterSystems IRIS has been licensed for use exclusively by:
InterSystems IRIS Community
Copyright (c) 1986-2026 by InterSystems Corporation
Any other use is a violation of your license agreement
Starting IRIS


22:43:48 2026-07-07 [INFO] IRIS^/usr/irissys^2026.1.0.234.1com^running, since Tue Jul  7 22:43:47 2026^iris.cpf^1972^52773^0^ok^IRIS^^^/usr/irissys^1972

22:43:48 2026-07-07 [INFO] ...started InterSystems IRIS instance IRIS
22:48:23 2026-07-07 [INFO] Shutting down InterSystems IRIS instance IRIS...
22:48:29 2026-07-07 [INFO] IRIS^/usr/irissys^2026.1.0.234.1com^down, last used Tue Jul  7 22:48:28 2026^iris.cpf^1972^52773^0^^IRIS^^^/usr/irissys^1972

22:48:29 2026-07-07 [INFO] ...shut down InterSystems IRIS instance IRIS
22:48:31 2026-07-07 [INFO] Writing status to file: /home/irisowner/irissys/iscagent.status
Reading configuration from file: /home/irisowner/irissys/iscagent.conf
ISCAgent[22]: Starting
ISCAgent[23]: Starting ApplicationServer on *:2188

22:48:31 2026-07-07 [INFO] Starting InterSystems IRIS instance IRIS...
22:48:33 2026-07-07 [INFO] Starting Control Process
Global buffer setting requires attention.  Auto-selected 25% of total memory.
Allocated 2626MB shared memory
1900MB global buffers, 190MB routine buffers
This copy of InterSystems IRIS has been licensed for use exclusively by:
InterSystems IRIS Community
Copyright (c) 1986-2026 by InterSystems Corporation
Any other use is a violation of your license agreement
Starting IRIS


22:48:33 2026-07-07 [INFO] IRIS^/usr/irissys^2026.1.0.234.1com^running, since Tue Jul  7 22:48:31 2026^iris.cpf^1972^52773^0^ok^IRIS^^^/usr/irissys^1972

22:48:33 2026-07-07 [INFO] ...started InterSystems IRIS instance IRIS
22:52:56 2026-07-07 [INFO] Shutting down InterSystems IRIS instance IRIS...
22:53:01 2026-07-07 [INFO] IRIS^/usr/irissys^2026.1.0.234.1com^down, last used Tue Jul  7 22:53:00 2026^iris.cpf^1972^52773^0^^IRIS^^^/usr/irissys^1972

22:53:01 2026-07-07 [INFO] ...shut down InterSystems IRIS instance IRIS
22:53:03 2026-07-07 [INFO] Writing status to file: /home/irisowner/irissys/iscagent.status
Reading configuration from file: /home/irisowner/irissys/iscagent.conf
ISCAgent[22]: Starting
ISCAgent[23]: Starting ApplicationServer on *:2188

22:53:03 2026-07-07 [INFO] Starting InterSystems IRIS instance IRIS...
22:53:04 2026-07-07 [INFO] Starting Control Process
Global buffer setting requires attention.  Auto-selected 25% of total memory.
Allocated 2626MB shared memory
1900MB global buffers, 190MB routine buffers
This copy of InterSystems IRIS has been licensed for use exclusively by:
InterSystems IRIS Community
Copyright (c) 1986-2026 by InterSystems Corporation
Any other use is a violation of your license agreement
Starting IRIS


22:53:04 2026-07-07 [INFO] IRIS^/usr/irissys^2026.1.0.234.1com^running, since Tue Jul  7 22:53:03 2026^iris.cpf^1972^52773^0^ok^IRIS^^^/usr/irissys^1972

22:53:04 2026-07-07 [INFO] ...started InterSystems IRIS instance IRIS
22:53:16 2026-07-07 [INFO] Shutting down InterSystems IRIS instance IRIS...
22:53:22 2026-07-07 [INFO] IRIS^/usr/irissys^2026.1.0.234.1com^down, last used Tue Jul  7 22:53:20 2026^iris.cpf^1972^52773^0^^IRIS^^^/usr/irissys^1972

22:53:22 2026-07-07 [INFO] ...shut down InterSystems IRIS instance IRIS
08:26:26 2026-07-08 [INFO] Writing status to file: /home/irisowner/irissys/iscagent.status
Reading configuration from file: /home/irisowner/irissys/iscagent.conf
ISCAgent[22]: Starting
ISCAgent[23]: Starting ApplicationServer on *:2188

08:26:26 2026-07-08 [INFO] Starting InterSystems IRIS instance IRIS...
08:26:27 2026-07-08 [INFO] Starting Control Process
Global buffer setting requires attention.  Auto-selected 25% of total memory.
Allocated 2626MB shared memory
1900MB global buffers, 190MB routine buffers
This copy of InterSystems IRIS has been licensed for use exclusively by:
InterSystems IRIS Community
Copyright (c) 1986-2026 by InterSystems Corporation
Any other use is a violation of your license agreement
Starting IRIS


08:26:27 2026-07-08 [INFO] IRIS^/usr/irissys^2026.1.0.234.1com^running, since Wed Jul  8 08:26:26 2026^iris.cpf^1972^52773^0^ok^IRIS^^^/usr/irissys^1972

08:26:27 2026-07-08 [INFO] ...started InterSystems IRIS instance IRIS
08:41:50 2026-07-08 [INFO] Shutting down InterSystems IRIS instance IRIS...
08:41:56 2026-07-08 [INFO] IRIS^/usr/irissys^2026.1.0.234.1com^down, last used Wed Jul  8 08:41:55 2026^iris.cpf^1972^52773^0^^IRIS^^^/usr/irissys^1972

08:41:56 2026-07-08 [INFO] ...shut down InterSystems IRIS instance IRIS
08:41:58 2026-07-08 [INFO] Writing status to file: /home/irisowner/irissys/iscagent.status
Reading configuration from file: /home/irisowner/irissys/iscagent.conf
ISCAgent[22]: Starting
ISCAgent[23]: Starting ApplicationServer on *:2188

08:41:58 2026-07-08 [INFO] Starting InterSystems IRIS instance IRIS...
08:41:59 2026-07-08 [INFO] Starting Control Process
Global buffer setting requires attention.  Auto-selected 25% of total memory.
Allocated 2626MB shared memory
1900MB global buffers, 190MB routine buffers
This copy of InterSystems IRIS has been licensed for use exclusively by:
InterSystems IRIS Community
Copyright (c) 1986-2026 by InterSystems Corporation
Any other use is a violation of your license agreement
Starting IRIS


08:41:59 2026-07-08 [INFO] IRIS^/usr/irissys^2026.1.0.234.1com^running, since Wed Jul  8 08:41:58 2026^iris.cpf^1972^52773^0^ok^IRIS^^^/usr/irissys^1972

08:41:59 2026-07-08 [INFO] ...started InterSystems IRIS instance IRIS
08:44:22 2026-07-08 [INFO] Shutting down InterSystems IRIS instance IRIS...
08:44:28 2026-07-08 [INFO] IRIS^/usr/irissys^2026.1.0.234.1com^down, last used Wed Jul  8 08:44:27 2026^iris.cpf^1972^52773^0^^IRIS^^^/usr/irissys^1972

08:44:28 2026-07-08 [INFO] ...shut down InterSystems IRIS instance IRIS
08:44:29 2026-07-08 [INFO] Writing status to file: /home/irisowner/irissys/iscagent.status
Reading configuration from file: /home/irisowner/irissys/iscagent.conf
ISCAgent[22]: Starting
ISCAgent[23]: Starting ApplicationServer on *:2188

08:44:29 2026-07-08 [INFO] Starting InterSystems IRIS instance IRIS...
08:44:30 2026-07-08 [INFO] Starting Control Process
Global buffer setting requires attention.  Auto-selected 25% of total memory.
Allocated 2626MB shared memory
1900MB global buffers, 190MB routine buffers
This copy of InterSystems IRIS has been licensed for use exclusively by:
InterSystems IRIS Community
Copyright (c) 1986-2026 by InterSystems Corporation
Any other use is a violation of your license agreement
Starting IRIS


08:44:30 2026-07-08 [INFO] IRIS^/usr/irissys^2026.1.0.234.1com^running, since Wed Jul  8 08:44:29 2026^iris.cpf^1972^52773^0^ok^IRIS^^^/usr/irissys^1972

08:44:30 2026-07-08 [INFO] ...started InterSystems IRIS instance IRIS
08:46:54 2026-07-08 [INFO] Shutting down InterSystems IRIS instance IRIS...
08:47:00 2026-07-08 [INFO] IRIS^/usr/irissys^2026.1.0.234.1com^down, last used Wed Jul  8 08:46:59 2026^iris.cpf^1972^52773^0^^IRIS^^^/usr/irissys^1972

08:47:00 2026-07-08 [INFO] ...shut down InterSystems IRIS instance IRIS
08:47:01 2026-07-08 [INFO] Writing status to file: /home/irisowner/irissys/iscagent.status
Reading configuration from file: /home/irisowner/irissys/iscagent.conf
ISCAgent[22]: Starting
ISCAgent[23]: Starting ApplicationServer on *:2188

08:47:01 2026-07-08 [INFO] Starting InterSystems IRIS instance IRIS...
08:47:02 2026-07-08 [INFO] Starting Control Process
Global buffer setting requires attention.  Auto-selected 25% of total memory.
Allocated 2626MB shared memory
1900MB global buffers, 190MB routine buffers
This copy of InterSystems IRIS has been licensed for use exclusively by:
InterSystems IRIS Community
Copyright (c) 1986-2026 by InterSystems Corporation
Any other use is a violation of your license agreement
Starting IRIS


08:47:02 2026-07-08 [INFO] IRIS^/usr/irissys^2026.1.0.234.1com^running, since Wed Jul  8 08:47:01 2026^iris.cpf^1972^52773^0^ok^IRIS^^^/usr/irissys^1972

08:47:02 2026-07-08 [INFO] ...started InterSystems IRIS instance IRIS
08:54:18 2026-07-08 [INFO] Shutting down InterSystems IRIS instance IRIS...
08:54:24 2026-07-08 [INFO] IRIS^/usr/irissys^2026.1.0.234.1com^down, last used Wed Jul  8 08:54:22 2026^iris.cpf^1972^52773^0^^IRIS^^^/usr/irissys^1972

08:54:24 2026-07-08 [INFO] ...shut down InterSystems IRIS instance IRIS
08:54:25 2026-07-08 [INFO] Writing status to file: /home/irisowner/irissys/iscagent.status
Reading configuration from file: /home/irisowner/irissys/iscagent.conf
ISCAgent[22]: Starting
ISCAgent[23]: Starting ApplicationServer on *:2188

08:54:25 2026-07-08 [INFO] Starting InterSystems IRIS instance IRIS...
08:54:27 2026-07-08 [INFO] Starting Control Process
Global buffer setting requires attention.  Auto-selected 25% of total memory.
Allocated 2626MB shared memory
1900MB global buffers, 190MB routine buffers
This copy of InterSystems IRIS has been licensed for use exclusively by:
InterSystems IRIS Community
Copyright (c) 1986-2026 by InterSystems Corporation
Any other use is a violation of your license agreement
Starting IRIS


08:54:27 2026-07-08 [INFO] IRIS^/usr/irissys^2026.1.0.234.1com^running, since Wed Jul  8 08:54:25 2026^iris.cpf^1972^52773^0^ok^IRIS^^^/usr/irissys^1972

08:54:27 2026-07-08 [INFO] ...started InterSystems IRIS instance IRIS
20:47:36 2026-07-08 [INFO] Shutting down InterSystems IRIS instance IRIS...
20:47:42 2026-07-08 [INFO] IRIS^/usr/irissys^2026.1.0.234.1com^down, last used Wed Jul  8 20:47:41 2026^iris.cpf^1972^52773^0^^IRIS^^^/usr/irissys^1972

20:47:42 2026-07-08 [INFO] ...shut down InterSystems IRIS instance IRIS
20:47:46 2026-07-08 [INFO] Writing status to file: /home/irisowner/irissys/iscagent.status
Reading configuration from file: /home/irisowner/irissys/iscagent.conf
ISCAgent[20]: Starting
ISCAgent[21]: Starting ApplicationServer on *:2188

20:47:46 2026-07-08 [INFO] Starting InterSystems IRIS instance IRIS...
20:48:02 2026-07-08 [INFO] Starting Control Process
Global buffer setting requires attention.  Auto-selected 25% of total memory.
Allocated 2626MB shared memory
1900MB global buffers, 190MB routine buffers
This copy of InterSystems IRIS has been licensed for use exclusively by:
InterSystems IRIS Community
Copyright (c) 1986-2026 by InterSystems Corporation
Any other use is a violation of your license agreement

1 alert(s) during startup. See messages.log for details.
Starting IRIS


20:48:02 2026-07-08 [INFO] IRIS^/usr/irissys^2026.1.0.234.1com^running, since Wed Jul  8 20:47:48 2026^iris.cpf^1972^52773^0^ok^IRIS^^^/usr/irissys^1972

20:48:02 2026-07-08 [INFO] ...started InterSystems IRIS instance IRIS
20:50:46 2026-07-08 [INFO] Shutting down InterSystems IRIS instance IRIS...
20:50:52 2026-07-08 [INFO] IRIS^/usr/irissys^2026.1.0.234.1com^down, last used Wed Jul  8 20:50:51 2026^iris.cpf^1972^52773^0^^IRIS^^^/usr/irissys^1972

20:50:52 2026-07-08 [INFO] ...shut down InterSystems IRIS instance IRIS
20:50:57 2026-07-08 [INFO] Writing status to file: /home/irisowner/irissys/iscagent.status
Reading configuration from file: /home/irisowner/irissys/iscagent.conf
ISCAgent[19]: Starting
ISCAgent[21]: Starting ApplicationServer on *:2188

20:50:57 2026-07-08 [INFO] Starting InterSystems IRIS instance IRIS...
20:51:26 2026-07-08 [INFO] Starting Control Process
Global buffer setting requires attention.  Auto-selected 25% of total memory.
Allocated 2626MB shared memory
1900MB global buffers, 190MB routine buffers
This copy of InterSystems IRIS has been licensed for use exclusively by:
InterSystems IRIS Community
Copyright (c) 1986-2026 by InterSystems Corporation
Any other use is a violation of your license agreement

1 alert(s) during startup. See messages.log for details.
Starting IRIS


20:51:26 2026-07-08 [INFO] IRIS^/usr/irissys^2026.1.0.234.1com^running, since Wed Jul  8 20:51:00 2026^iris.cpf^1972^52773^0^ok^IRIS^^^/usr/irissys^1972

20:51:26 2026-07-08 [INFO] ...started InterSystems IRIS instance IRIS
20:56:33 2026-07-08 [INFO] Shutting down InterSystems IRIS instance IRIS...
20:56:39 2026-07-08 [INFO] IRIS^/usr/irissys^2026.1.0.234.1com^down, last used Wed Jul  8 20:56:38 2026^iris.cpf^1972^52773^0^^IRIS^^^/usr/irissys^1972

20:56:39 2026-07-08 [INFO] ...shut down InterSystems IRIS instance IRIS
20:56:42 2026-07-08 [INFO] Writing status to file: /home/irisowner/irissys/iscagent.status
Reading configuration from file: /home/irisowner/irissys/iscagent.conf
ISCAgent[20]: Starting
ISCAgent[21]: Starting ApplicationServer on *:2188

20:56:42 2026-07-08 [INFO] Starting InterSystems IRIS instance IRIS...
20:57:18 2026-07-08 [INFO] Starting Control Process
Global buffer setting requires attention.  Auto-selected 25% of total memory.
Allocated 2626MB shared memory
1900MB global buffers, 190MB routine buffers
This copy of InterSystems IRIS has been licensed for use exclusively by:
InterSystems IRIS Community
Copyright (c) 1986-2026 by InterSystems Corporation
Any other use is a violation of your license agreement

1 alert(s) during startup. See messages.log for details.
Starting IRIS


20:57:19 2026-07-08 [INFO] IRIS^/usr/irissys^2026.1.0.234.1com^running, since Wed Jul  8 20:56:44 2026^iris.cpf^1972^52773^0^ok^IRIS^^^/usr/irissys^1972

20:57:19 2026-07-08 [INFO] ...started InterSystems IRIS instance IRIS
21:04:09 2026-07-08 [INFO] Shutting down InterSystems IRIS instance IRIS...
21:04:15 2026-07-08 [INFO] IRIS^/usr/irissys^2026.1.0.234.1com^down, last used Wed Jul  8 21:04:14 2026^iris.cpf^1972^52773^0^^IRIS^^^/usr/irissys^1972

21:04:15 2026-07-08 [INFO] ...shut down InterSystems IRIS instance IRIS
21:04:19 2026-07-08 [INFO] Writing status to file: /home/irisowner/irissys/iscagent.status
Reading configuration from file: /home/irisowner/irissys/iscagent.conf
ISCAgent[20]: Starting
ISCAgent[21]: Starting ApplicationServer on *:2188

21:04:19 2026-07-08 [INFO] Starting InterSystems IRIS instance IRIS...
21:04:44 2026-07-08 [INFO] Starting Control Process
Global buffer setting requires attention.  Auto-selected 25% of total memory.
Allocated 2626MB shared memory
1900MB global buffers, 190MB routine buffers
This copy of InterSystems IRIS has been licensed for use exclusively by:
InterSystems IRIS Community
Copyright (c) 1986-2026 by InterSystems Corporation
Any other use is a violation of your license agreement

1 alert(s) during startup. See messages.log for details.
Starting IRIS


21:04:44 2026-07-08 [INFO] IRIS^/usr/irissys^2026.1.0.234.1com^running, since Wed Jul  8 21:04:20 2026^iris.cpf^1972^52773^0^warn^IRIS^^^/usr/irissys^1972

21:04:44 2026-07-08 [INFO] ...started InterSystems IRIS instance IRIS
21:11:55 2026-07-08 [INFO] Shutting down InterSystems IRIS instance IRIS...
21:12:02 2026-07-08 [INFO] IRIS^/usr/irissys^2026.1.0.234.1com^down, last used Wed Jul  8 21:12:00 2026^iris.cpf^1972^52773^0^^IRIS^^^/usr/irissys^1972

21:12:02 2026-07-08 [INFO] ...shut down InterSystems IRIS instance IRIS
21:12:04 2026-07-08 [INFO] Writing status to file: /home/irisowner/irissys/iscagent.status
Reading configuration from file: /home/irisowner/irissys/iscagent.conf
ISCAgent[19]: Starting
ISCAgent[21]: Starting ApplicationServer on *:2188

21:12:04 2026-07-08 [INFO] Starting InterSystems IRIS instance IRIS...
21:12:32 2026-07-08 [INFO] Starting Control Process
Global buffer setting requires attention.  Auto-selected 25% of total memory.
Allocated 2626MB shared memory
1900MB global buffers, 190MB routine buffers
This copy of InterSystems IRIS has been licensed for use exclusively by:
InterSystems IRIS Community
Copyright (c) 1986-2026 by InterSystems Corporation
Any other use is a violation of your license agreement

1 alert(s) during startup. See messages.log for details.
Starting IRIS


21:12:33 2026-07-08 [INFO] IRIS^/usr/irissys^2026.1.0.234.1com^running, since Wed Jul  8 21:12:06 2026^iris.cpf^1972^52773^0^ok^IRIS^^^/usr/irissys^1972

21:12:33 2026-07-08 [INFO] ...started InterSystems IRIS instance IRIS
21:18:20 2026-07-08 [INFO] Shutting down InterSystems IRIS instance IRIS...
21:18:26 2026-07-08 [INFO] IRIS^/usr/irissys^2026.1.0.234.1com^down, last used Wed Jul  8 21:18:25 2026^iris.cpf^1972^52773^0^^IRIS^^^/usr/irissys^1972

21:18:26 2026-07-08 [INFO] ...shut down InterSystems IRIS instance IRIS
21:18:29 2026-07-08 [INFO] Writing status to file: /home/irisowner/irissys/iscagent.status
Reading configuration from file: /home/irisowner/irissys/iscagent.conf
ISCAgent[20]: Starting
ISCAgent[21]: Starting ApplicationServer on *:2188

21:18:29 2026-07-08 [INFO] Starting InterSystems IRIS instance IRIS...
21:18:47 2026-07-08 [INFO] Starting Control Process
Global buffer setting requires attention.  Auto-selected 25% of total memory.
Allocated 2626MB shared memory
1900MB global buffers, 190MB routine buffers
This copy of InterSystems IRIS has been licensed for use exclusively by:
InterSystems IRIS Community
Copyright (c) 1986-2026 by InterSystems Corporation
Any other use is a violation of your license agreement

1 alert(s) during startup. See messages.log for details.
Starting IRIS


21:18:48 2026-07-08 [INFO] IRIS^/usr/irissys^2026.1.0.234.1com^running, since Wed Jul  8 21:18:30 2026^iris.cpf^1972^52773^0^warn^IRIS^^^/usr/irissys^1972

21:18:48 2026-07-08 [INFO] ...started InterSystems IRIS instance IRIS
21:24:12 2026-07-08 [INFO] Shutting down InterSystems IRIS instance IRIS...
21:24:19 2026-07-08 [INFO] IRIS^/usr/irissys^2026.1.0.234.1com^down, last used Wed Jul  8 21:24:17 2026^iris.cpf^1972^52773^0^^IRIS^^^/usr/irissys^1972

21:24:19 2026-07-08 [INFO] ...shut down InterSystems IRIS instance IRIS
21:24:22 2026-07-08 [INFO] Writing status to file: /home/irisowner/irissys/iscagent.status
Reading configuration from file: /home/irisowner/irissys/iscagent.conf
ISCAgent[20]: Starting
ISCAgent[21]: Starting ApplicationServer on *:2188

21:24:22 2026-07-08 [INFO] Starting InterSystems IRIS instance IRIS...
21:24:51 2026-07-08 [INFO] Starting Control Process
Global buffer setting requires attention.  Auto-selected 25% of total memory.
Allocated 2626MB shared memory
1900MB global buffers, 190MB routine buffers
This copy of InterSystems IRIS has been licensed for use exclusively by:
InterSystems IRIS Community
Copyright (c) 1986-2026 by InterSystems Corporation
Any other use is a violation of your license agreement

1 alert(s) during startup. See messages.log for details.
Starting IRIS


21:24:51 2026-07-08 [INFO] IRIS^/usr/irissys^2026.1.0.234.1com^running, since Wed Jul  8 21:24:23 2026^iris.cpf^1972^52773^0^ok^IRIS^^^/usr/irissys^1972

21:24:51 2026-07-08 [INFO] ...started InterSystems IRIS instance IRIS
21:32:29 2026-07-08 [INFO] Shutting down InterSystems IRIS instance IRIS...
21:32:37 2026-07-08 [INFO] IRIS^/usr/irissys^2026.1.0.234.1com^down, last used Wed Jul  8 21:32:35 2026^iris.cpf^1972^52773^0^^IRIS^^^/usr/irissys^1972

21:32:37 2026-07-08 [INFO] ...shut down InterSystems IRIS instance IRIS
21:32:40 2026-07-08 [INFO] Writing status to file: /home/irisowner/irissys/iscagent.status
Reading configuration from file: /home/irisowner/irissys/iscagent.conf
ISCAgent[20]: Starting
ISCAgent[21]: Starting ApplicationServer on *:2188

21:32:41 2026-07-08 [INFO] Starting InterSystems IRIS instance IRIS...
21:33:07 2026-07-08 [INFO] Starting Control Process
Global buffer setting requires attention.  Auto-selected 25% of total memory.
Allocated 2626MB shared memory
1900MB global buffers, 190MB routine buffers
This copy of InterSystems IRIS has been licensed for use exclusively by:
InterSystems IRIS Community
Copyright (c) 1986-2026 by InterSystems Corporation
Any other use is a violation of your license agreement

1 alert(s) during startup. See messages.log for details.
Starting IRIS


21:33:07 2026-07-08 [INFO] IRIS^/usr/irissys^2026.1.0.234.1com^running, since Wed Jul  8 21:32:43 2026^iris.cpf^1972^52773^0^ok^IRIS^^^/usr/irissys^1972

21:33:07 2026-07-08 [INFO] ...started InterSystems IRIS instance IRIS
21:41:09 2026-07-08 [INFO] Shutting down InterSystems IRIS instance IRIS...
21:41:16 2026-07-08 [INFO] IRIS^/usr/irissys^2026.1.0.234.1com^down, last used Wed Jul  8 21:41:15 2026^iris.cpf^1972^52773^0^^IRIS^^^/usr/irissys^1972

21:41:16 2026-07-08 [INFO] ...shut down InterSystems IRIS instance IRIS
21:41:19 2026-07-08 [INFO] Writing status to file: /home/irisowner/irissys/iscagent.status
Reading configuration from file: /home/irisowner/irissys/iscagent.conf
ISCAgent[19]: Starting
ISCAgent[21]: Starting ApplicationServer on *:2188

21:41:19 2026-07-08 [INFO] Starting InterSystems IRIS instance IRIS...
21:41:47 2026-07-08 [INFO] Starting Control Process
Global buffer setting requires attention.  Auto-selected 25% of total memory.
Allocated 2626MB shared memory
1900MB global buffers, 190MB routine buffers
This copy of InterSystems IRIS has been licensed for use exclusively by:
InterSystems IRIS Community
Copyright (c) 1986-2026 by InterSystems Corporation
Any other use is a violation of your license agreement

1 alert(s) during startup. See messages.log for details.
Starting IRIS


21:41:47 2026-07-08 [INFO] IRIS^/usr/irissys^2026.1.0.234.1com^running, since Wed Jul  8 21:41:20 2026^iris.cpf^1972^52773^0^warn^IRIS^^^/usr/irissys^1972

21:41:47 2026-07-08 [INFO] ...started InterSystems IRIS instance IRIS
21:54:46 2026-07-08 [INFO] Shutting down InterSystems IRIS instance IRIS...
21:54:52 2026-07-08 [INFO] IRIS^/usr/irissys^2026.1.0.234.1com^down, last used Wed Jul  8 21:54:51 2026^iris.cpf^1972^52773^0^^IRIS^^^/usr/irissys^1972

21:54:52 2026-07-08 [INFO] ...shut down InterSystems IRIS instance IRIS
21:54:54 2026-07-08 [INFO] Writing status to file: /home/irisowner/irissys/iscagent.status
Reading configuration from file: /home/irisowner/irissys/iscagent.conf
ISCAgent[20]: Starting
ISCAgent[21]: Starting ApplicationServer on *:2188

21:54:54 2026-07-08 [INFO] Starting InterSystems IRIS instance IRIS...
21:55:06 2026-07-08 [INFO] Starting Control Process
Global buffer setting requires attention.  Auto-selected 25% of total memory.
Allocated 2626MB shared memory
1900MB global buffers, 190MB routine buffers
This copy of InterSystems IRIS has been licensed for use exclusively by:
InterSystems IRIS Community
Copyright (c) 1986-2026 by InterSystems Corporation
Any other use is a violation of your license agreement

1 alert(s) during startup. See messages.log for details.
Starting IRIS


21:55:07 2026-07-08 [INFO] IRIS^/usr/irissys^2026.1.0.234.1com^running, since Wed Jul  8 21:54:55 2026^iris.cpf^1972^52773^0^ok^IRIS^^^/usr/irissys^1972

21:55:07 2026-07-08 [INFO] ...started InterSystems IRIS instance IRIS
18:08:28 2026-07-09 [INFO] Writing status to file: /home/irisowner/irissys/iscagent.status
Reading configuration from file: /home/irisowner/irissys/iscagent.conf
ISCAgent[22]: Starting
ISCAgent[23]: Starting ApplicationServer on *:2188

18:08:28 2026-07-09 [INFO] Starting InterSystems IRIS instance IRIS...
18:08:32 2026-07-09 [INFO] 
Now attempting WIJ compare, /usr/irissys/mgr/IRIS.WIJ
Starting Control Process
Global buffer setting requires attention.  Auto-selected 25% of total memory.
Allocated 2626MB shared memory
1900MB global buffers, 190MB routine buffers
This copy of InterSystems IRIS has been licensed for use exclusively by:
InterSystems IRIS Community
Copyright (c) 1986-2026 by InterSystems Corporation
Any other use is a violation of your license agreement

1 alert(s) during startup. See messages.log for details.
Starting IRIS


18:08:32 2026-07-09 [INFO] IRIS^/usr/irissys^2026.1.0.234.1com^running, since Thu Jul  9 18:08:29 2026^iris.cpf^1972^52773^0^warn^IRIS^^^/usr/irissys^1972

18:08:32 2026-07-09 [INFO] ...started InterSystems IRIS instance IRIS
18:08:36 2026-07-09 [INFO] Shutting down InterSystems IRIS instance IRIS...
18:08:37 2026-07-09 [INFO] IRIS^/usr/irissys^2026.1.0.234.1com^down, last used Thu Jul  9 18:08:36 2026^iris.cpf^1972^52773^0^^IRIS^^^/usr/irissys^1972

18:08:37 2026-07-09 [INFO] ...shut down InterSystems IRIS instance IRIS
18:08:39 2026-07-09 [INFO] Writing status to file: /home/irisowner/irissys/iscagent.status
Reading configuration from file: /home/irisowner/irissys/iscagent.conf
ISCAgent[22]: Starting
ISCAgent[23]: Starting ApplicationServer on *:2188

18:08:40 2026-07-09 [INFO] Starting InterSystems IRIS instance IRIS...
18:08:41 2026-07-09 [INFO] Starting Control Process
Global buffer setting requires attention.  Auto-selected 25% of total memory.
Allocated 2626MB shared memory
1900MB global buffers, 190MB routine buffers
This copy of InterSystems IRIS has been licensed for use exclusively by:
InterSystems IRIS Community
Copyright (c) 1986-2026 by InterSystems Corporation
Any other use is a violation of your license agreement
Starting IRIS


18:08:42 2026-07-09 [INFO] IRIS^/usr/irissys^2026.1.0.234.1com^running, since Thu Jul  9 18:08:40 2026^iris.cpf^1972^52773^0^ok^IRIS^^^/usr/irissys^1972

18:08:42 2026-07-09 [INFO] ...started InterSystems IRIS instance IRIS
18:54:45 2026-07-09 [INFO] Shutting down InterSystems IRIS instance IRIS...
18:54:52 2026-07-09 [INFO] IRIS^/usr/irissys^2026.1.0.234.1com^down, last used Thu Jul  9 18:54:51 2026^iris.cpf^1972^52773^0^^IRIS^^^/usr/irissys^1972

18:54:52 2026-07-09 [INFO] ...shut down InterSystems IRIS instance IRIS
18:54:55 2026-07-09 [INFO] Writing status to file: /home/irisowner/irissys/iscagent.status
Reading configuration from file: /home/irisowner/irissys/iscagent.conf
ISCAgent[22]: Starting
ISCAgent[23]: Starting ApplicationServer on *:2188

18:54:55 2026-07-09 [INFO] Starting InterSystems IRIS instance IRIS...
18:54:57 2026-07-09 [INFO] Starting Control Process
Global buffer setting requires attention.  Auto-selected 25% of total memory.
Allocated 2626MB shared memory
1900MB global buffers, 190MB routine buffers
This copy of InterSystems IRIS has been licensed for use exclusively by:
InterSystems IRIS Community
Copyright (c) 1986-2026 by InterSystems Corporation
Any other use is a violation of your license agreement
Starting IRIS


18:54:57 2026-07-09 [INFO] IRIS^/usr/irissys^2026.1.0.234.1com^running, since Thu Jul  9 18:54:55 2026^iris.cpf^1972^52773^0^ok^IRIS^^^/usr/irissys^1972

18:54:57 2026-07-09 [INFO] ...started InterSystems IRIS instance IRIS
19:00:46 2026-07-09 [INFO] Shutting down InterSystems IRIS instance IRIS...
19:00:53 2026-07-09 [INFO] IRIS^/usr/irissys^2026.1.0.234.1com^down, last used Thu Jul  9 19:00:52 2026^iris.cpf^1972^52773^0^^IRIS^^^/usr/irissys^1972

19:00:53 2026-07-09 [INFO] ...shut down InterSystems IRIS instance IRIS
19:00:57 2026-07-09 [INFO] Writing status to file: /home/irisowner/irissys/iscagent.status
Reading configuration from file: /home/irisowner/irissys/iscagent.conf
ISCAgent[19]: Starting
ISCAgent[21]: Starting ApplicationServer on *:2188

19:00:57 2026-07-09 [INFO] Starting InterSystems IRIS instance IRIS...
19:01:13 2026-07-09 [INFO] Starting Control Process
Global buffer setting requires attention.  Auto-selected 25% of total memory.
Allocated 2626MB shared memory
1900MB global buffers, 190MB routine buffers
This copy of InterSystems IRIS has been licensed for use exclusively by:
InterSystems IRIS Community
Copyright (c) 1986-2026 by InterSystems Corporation
Any other use is a violation of your license agreement

1 alert(s) during startup. See messages.log for details.
Starting IRIS


19:01:13 2026-07-09 [INFO] IRIS^/usr/irissys^2026.1.0.234.1com^running, since Thu Jul  9 19:01:00 2026^iris.cpf^1972^52773^0^warn^IRIS^^^/usr/irissys^1972

19:01:13 2026-07-09 [INFO] ...started InterSystems IRIS instance IRIS
19:23:34 2026-07-09 [INFO] Shutting down InterSystems IRIS instance IRIS...
19:23:46 2026-07-09 [INFO] Writing status to file: /home/irisowner/irissys/iscagent.status
Reading configuration from file: /home/irisowner/irissys/iscagent.conf
ISCAgent[21]: Starting
ISCAgent[22]: Starting ApplicationServer on *:2188

19:23:46 2026-07-09 [INFO] Starting InterSystems IRIS instance IRIS...
19:24:02 2026-07-09 [INFO] Starting Control Process
Global buffer setting requires attention.  Auto-selected 25% of total memory.
Allocated 2626MB shared memory
1900MB global buffers, 190MB routine buffers
This copy of InterSystems IRIS has been licensed for use exclusively by:
InterSystems IRIS Community
Copyright (c) 1986-2026 by InterSystems Corporation
Any other use is a violation of your license agreement

1 alert(s) during startup. See messages.log for details.
Starting IRIS


19:24:02 2026-07-09 [INFO] IRIS^/usr/irissys^2026.1.0.234.1com^running, since Thu Jul  9 19:23:48 2026^iris.cpf^1972^52773^0^ok^IRIS^^^/usr/irissys^1972

19:24:02 2026-07-09 [INFO] ...started InterSystems IRIS instance IRIS
19:52:57 2026-07-09 [INFO] Shutting down InterSystems IRIS instance IRIS...
19:53:10 2026-07-09 [INFO] Writing status to file: /home/irisowner/irissys/iscagent.status
Reading configuration from file: /home/irisowner/irissys/iscagent.conf
ISCAgent[20]: Starting
ISCAgent[21]: Starting ApplicationServer on *:2188

19:53:10 2026-07-09 [INFO] Starting InterSystems IRIS instance IRIS...
19:53:24 2026-07-09 [INFO] Starting Control Process
Global buffer setting requires attention.  Auto-selected 25% of total memory.
Allocated 2626MB shared memory
1900MB global buffers, 190MB routine buffers
This copy of InterSystems IRIS has been licensed for use exclusively by:
InterSystems IRIS Community
Copyright (c) 1986-2026 by InterSystems Corporation
Any other use is a violation of your license agreement

1 alert(s) during startup. See messages.log for details.
Starting IRIS


19:53:24 2026-07-09 [INFO] IRIS^/usr/irissys^2026.1.0.234.1com^running, since Thu Jul  9 19:53:11 2026^iris.cpf^1972^52773^0^ok^IRIS^^^/usr/irissys^1972

19:53:24 2026-07-09 [INFO] ...started InterSystems IRIS instance IRIS
20:01:08 2026-07-09 [INFO] Shutting down InterSystems IRIS instance IRIS...
20:01:21 2026-07-09 [INFO] Writing status to file: /home/irisowner/irissys/iscagent.status
Reading configuration from file: /home/irisowner/irissys/iscagent.conf
ISCAgent[20]: Starting
ISCAgent[21]: Starting ApplicationServer on *:2188

20:01:21 2026-07-09 [INFO] Starting InterSystems IRIS instance IRIS...
20:01:35 2026-07-09 [INFO] Starting Control Process
Global buffer setting requires attention.  Auto-selected 25% of total memory.
Allocated 2626MB shared memory
1900MB global buffers, 190MB routine buffers
This copy of InterSystems IRIS has been licensed for use exclusively by:
InterSystems IRIS Community
Copyright (c) 1986-2026 by InterSystems Corporation
Any other use is a violation of your license agreement

1 alert(s) during startup. See messages.log for details.
Starting IRIS


20:01:35 2026-07-09 [INFO] IRIS^/usr/irissys^2026.1.0.234.1com^running, since Thu Jul  9 20:01:22 2026^iris.cpf^1972^52773^0^warn^IRIS^^^/usr/irissys^1972

20:01:35 2026-07-09 [INFO] ...started InterSystems IRIS instance IRIS
